[2026-09-16T15:10:52Z] === ENRICH ITERATION 6 START | repo=babel/babel sha=b2376757 ===
[2026-09-16T15:10:52Z] [iter=6] PHASE START: enrich repo=babel/babel sha=b2376757 runlog=/home/runner/work/forx/forx/storage/aggregate/lsp/logs/b2376757-enrich-iter-006.log output=/home/runner/work/forx/forx/storage/aggregate/lsp/b2376757d7a42c6785b24091144ef7f00df7d436.nq.gz
[2026-09-16T15:11:38Z] [iter=6] Step 1: Loading AST into disk-backed store mem_mb=85 MB
[2026-09-16T15:13:51Z] [iter=6] AST store loaded triples=11988611 load_secs=128 mem_mb=1140 MB
[2026-09-16T15:13:51Z] [iter=6] Step 2: Finding LSP targets mem_mb=1140 MB
[2026-09-16T15:14:13Z] [iter=6] LSP targets found call_sites=103880 imports=5877 extends=768 implements=3 secs=23
[2026-09-16T15:14:21Z] [iter=6] Loaded checkpoint partial graph triples=173341
[2026-09-16T15:14:35Z] [iter=6] Step 2.7: Building position index (one-shot, shared across resolvers) mem_mb=1140 MB
[2026-09-16T15:15:42Z] [iter=6] Position index built positions=800545 nodes_with_types=929189 secs=67 mem_mb=2461 MB
[2026-09-16T15:15:42Z] [iter=6] Step 3: Starting LSP resolution mem_mb=2461 MB already_completed_types=[] already_completed_files=107
[2026-09-16T15:15:42Z] [iter=6] Resolving target type target_type=call_site count=103880
[2026-09-16T15:15:45Z] [iter=6] HEARTBEAT target_type=call_site elapsed_min=4.9 files_done=0 resolved=0 errors=0 current=packages/babel-plugin-proposal-class-properties/test/fixtures/private/optional-chain-member-optional-call/exec.js
[2026-09-16T15:29:41Z] [iter=6] HEARTBEAT target_type=call_site elapsed_min=18.8 files_done=1 resolved=0 errors=160 current=packages/babel-plugin-transform-classes/test/fixtures/get-set-loose/get-semantics-setter-defined-on-parent/output.js
[2026-09-16T15:43:46Z] [iter=6] HEARTBEAT target_type=call_site elapsed_min=32.9 files_done=5 resolved=5 errors=322 current=packages/babel-plugin-bugfix-v8-spread-parameters-in-optional-chaining/test/fixtures/basic/class-private-integration/output.mjs
[2026-09-16T15:44:48Z] [iter=6] HEARTBEAT target_type=call_site elapsed_min=33.9 files_done=7 resolved=6 errors=334 current=packages/babel-plugin-transform-classes/test/fixtures/get-set/memoized-assign/input.js
[2026-09-16T15:46:43Z] [iter=6] HEARTBEAT target_type=call_site elapsed_min=35.9 files_done=9 resolved=11 errors=356 current=packages/babel-plugin-proposal-class-properties/test/fixtures/public/derived/output.js
[2026-09-16T15:47:15Z] [iter=6] HEARTBEAT target_type=call_site elapsed_min=36.4 files_done=11 resolved=12 errors=362 current=packages/babel-plugin-proposal-class-static-block/test/fixtures/integration/multiple-static-initializers/output.js
[2026-09-16T15:50:43Z] [iter=6] HEARTBEAT target_type=call_site elapsed_min=39.9 files_done=14 resolved=12 errors=402 current=packages/babel-plugin-transform-runtime/test/fixtures/runtime-corejs3/built-in-static-methods/output.js
[2026-09-16T15:51:47Z] [iter=6] HEARTBEAT target_type=call_site elapsed_min=40.9 files_done=16 resolved=18 errors=414 current=packages/babel-plugin-proposal-class-properties/test/fixtures/private-loose/optional-chain-in-function-param-with-transform/exec.js
[2026-09-16T15:53:11Z] [iter=6] HEARTBEAT target_type=call_site elapsed_min=42.3 files_done=17 resolved=18 errors=430 current=packages/babel-plugin-proposal-class-properties/test/fixtures/private-loose/optional-chain-before-member-call/exec.js
[2026-09-16T16:06:46Z] [iter=6] HEARTBEAT target_type=call_site elapsed_min=55.9 files_done=18 resolved=18 errors=586 current=packages/babel-plugin-proposal-optional-chaining/test/fixtures/general/cast-to-boolean/exec.js
[2026-09-16T16:08:51Z] [iter=6] HEARTBEAT target_type=call_site elapsed_min=58.0 files_done=19 resolved=18 errors=610 current=packages/babel-plugin-proposal-pipeline-operator/test/fixtures/hack-hash/transform-await-and-arrow-functions/exec.js
[2026-09-16T16:22:59Z] [iter=6] HEARTBEAT target_type=call_site elapsed_min=72.1 files_done=21 resolved=20 errors=773 current=packages/babel-preset-env/test/fixtures/corejs3-babel-7/usage-source-type-script-query/output.js
[2026-09-16T16:24:01Z] [iter=6] HEARTBEAT target_type=call_site elapsed_min=73.1 files_done=24 resolved=23 errors=785 current=packages/babel-core/test/caching-api.js
[2026-09-16T16:41:05Z] [iter=6] HEARTBEAT target_type=call_site elapsed_min=90.2 files_done=25 resolved=26 errors=980 current=packages/babel-plugin-proposal-class-properties/test/fixtures/private-loose/nested-class-computed-redeclared/output.js
[2026-09-16T16:42:18Z] [iter=6] HEARTBEAT target_type=call_site elapsed_min=91.4 files_done=28 resolved=30 errors=994 current=packages/babel-plugin-transform-react-constant-elements/src/index.js
[2026-09-16T16:42:55Z] [iter=6] HEARTBEAT target_type=call_site elapsed_min=92.0 files_done=29 resolved=35 errors=1001 current=packages/babel-plugin-proposal-export-namespace-from/src/index.js
[2026-09-16T16:43:53Z] [iter=6] HEARTBEAT target_type=call_site elapsed_min=93.0 files_done=31 resolved=38 errors=1012 current=packages/babel-plugin-transform-new-target/test/fixtures/exec/reflect-class/exec.js
[2026-09-16T16:44:25Z] [iter=6] HEARTBEAT target_type=call_site elapsed_min=93.5 files_done=34 resolved=45 errors=1018 current=packages/babel-plugin-transform-classes/test/fixtures/get-set-loose/set-semantics-not-defined-on-parent-data-on-obj/output.js
[2026-09-16T16:45:33Z] [iter=6] HEARTBEAT target_type=call_site elapsed_min=94.7 files_done=37 resolved=53 errors=1031 current=packages/babel-plugin-transform-react-display-name/src/index.js
[2026-09-16T16:46:10Z] [iter=6] HEARTBEAT target_type=call_site elapsed_min=95.3 files_done=38 resolved=53 errors=1038 current=packages/babel-plugin-proposal-do-expressions/test/fixtures/do-expression-switch-case/single-consequent-block/exec.js
[2026-09-16T16:48:12Z] [iter=6] HEARTBEAT target_type=call_site elapsed_min=97.3 files_done=40 resolved=53 errors=1061 current=benchmark/babel-helper-validator-identifier/isStrictBindReservedWord.bench.mjs
[2026-09-16T16:49:26Z] [iter=6] HEARTBEAT target_type=call_site elapsed_min=98.6 files_done=41 resolved=53 errors=1075 current=packages/babel-plugin-proposal-class-properties/test/fixtures/private/optional-chain-before-member-call-with-transform/exec.js
[2026-09-16T17:03:11Z] [iter=6] HEARTBEAT target_type=call_site elapsed_min=112.3 files_done=42 resolved=53 errors=1231 current=packages/babel-plugin-transform-classes/test/fixtures/assumption-constantSuper/calling-super-properties/input.js
[2026-09-16T17:05:53Z] [iter=6] HEARTBEAT target_type=call_site elapsed_min=115.0 files_done=45 resolved=57 errors=1262 current=packages/babel-register/src/cache.js
[2026-09-16T17:07:53Z] [iter=6] HEARTBEAT target_type=call_site elapsed_min=117.0 files_done=47 resolved=65 errors=1285 current=packages/babel-plugin-transform-runtime/test/fixtures/runtime-corejs3/modules-loose/output.js
[2026-09-16T17:08:24Z] [iter=6] HEARTBEAT target_type=call_site elapsed_min=117.5 files_done=49 resolved=68 errors=1291 current=benchmark/babel-parser/many-identifiers/2-length.bench.mjs
[2026-09-16T17:09:06Z] [iter=6] HEARTBEAT target_type=call_site elapsed_min=118.2 files_done=50 resolved=68 errors=1299 current=benchmark/babel-parser/many-inner-comments-nested/bench.mjs
[2026-09-16T17:09:42Z] [iter=6] HEARTBEAT target_type=call_site elapsed_min=118.8 files_done=51 resolved=68 errors=1306 current=packages/babel-plugin-transform-modules-systemjs/test/fixtures/systemjs/export-default-8/output.mjs
[2026-09-16T17:10:13Z] [iter=6] HEARTBEAT target_type=call_site elapsed_min=119.4 files_done=53 resolved=70 errors=1312 current=packages/babel-plugin-proposal-class-properties/test/fixtures/private/optional-chain-before-member-call/output.js
[2026-09-16T17:11:58Z] [iter=6] HEARTBEAT target_type=call_site elapsed_min=121.1 files_done=54 resolved=70 errors=1332 current=packages/babel-plugin-proposal-object-rest-spread/test/fixtures/object-rest/object-ref-computed-exec/exec.js
[2026-09-16T17:14:08Z] [iter=6] HEARTBEAT target_type=call_site elapsed_min=123.3 files_done=57 resolved=72 errors=1357 current=packages/babel-plugin-transform-modules-commonjs/test/fixtures/importInterop-node/exec/exec.js
[2026-09-16T17:14:49Z] [iter=6] HEARTBEAT target_type=call_site elapsed_min=124.0 files_done=58 resolved=72 errors=1365 current=packages/babel-plugin-proposal-decorators/test/fixtures/ordering/static-field-initializers-after-methods/exec.js
[2026-09-16T17:17:10Z] [iter=6] HEARTBEAT target_type=call_site elapsed_min=126.3 files_done=60 resolved=97 errors=1392 current=packages/babel-plugin-proposal-class-properties/test/fixtures/private/optional-chain-member-optional-call-with-transform/output.js
[2026-09-16T17:18:55Z] [iter=6] HEARTBEAT target_type=call_site elapsed_min=128.1 files_done=61 resolved=97 errors=1412 current=packages/babel-traverse/test/inference.js
[2026-09-16T17:22:30Z] [iter=6] HEARTBEAT target_type=call_site elapsed_min=131.6 files_done=62 resolved=97 errors=1453 current=packages/babel-plugin-proposal-private-methods/test/fixtures/private-static-method-privateFieldsAsProperties/class-check/input.js
[2026-09-16T17:23:39Z] [iter=6] HEARTBEAT target_type=call_site elapsed_min=132.8 files_done=65 resolved=97 errors=1466 current=packages/babel-plugin-transform-classes/test/fixtures/get-set-loose/set-semantics-getter-defined-on-parent/output.js
[2026-09-16T17:25:40Z] [iter=6] HEARTBEAT target_type=call_site elapsed_min=134.8 files_done=68 resolved=102 errors=1489 current=packages/babel-plugin-proposal-class-properties/test/fixtures/private-loose/super-expression/output.js
[2026-09-16T17:29:20Z] [iter=6] HEARTBEAT target_type=call_site elapsed_min=138.5 files_done=70 resolved=103 errors=1531 current=packages/babel-helper-annotate-as-pure/test/index.js
[2026-09-16T17:30:12Z] [iter=6] HEARTBEAT target_type=call_site elapsed_min=139.3 files_done=72 resolved=103 errors=1541 current=packages/babel-preset-env/test/fixtures/debug/usage-no-corejs-1/input.js
[2026-09-16T17:33:46Z] [iter=6] HEARTBEAT target_type=call_site elapsed_min=142.9 files_done=74 resolved=106 errors=1582 current=packages/babel-preset-env/test/fixtures/debug-babel-7/usage-corejs3-proposals-chrome-71-1/input.js
[2026-09-16T17:34:17Z] [iter=6] HEARTBEAT target_type=call_site elapsed_min=143.4 files_done=78 resolved=110 errors=1588 current=packages/babel-plugin-proposal-class-properties/test/fixtures/private-loose/update/exec.js
[2026-09-16T17:35:31Z] [iter=6] HEARTBEAT target_type=call_site elapsed_min=144.6 files_done=82 resolved=110 errors=1602 current=packages/babel-plugin-transform-classes/test/fixtures/assumption-constantSuper/calling-super-properties/output.js
[2026-09-16T17:37:26Z] [iter=6] HEARTBEAT target_type=call_site elapsed_min=146.6 files_done=85 resolved=113 errors=1624 current=packages/babel-plugin-proposal-pipeline-operator/test/fixtures/hack-percent/transform-await-and-arrow-functions/input.js
[2026-09-16T17:38:40Z] [iter=6] HEARTBEAT target_type=call_site elapsed_min=147.8 files_done=90 resolved=217 errors=1638 current=packages/babel-plugin-transform-runtime/test/fixtures/absoluteRuntime/true-corejs3-stable/output.js
[2026-09-16T17:39:11Z] [iter=6] HEARTBEAT target_type=call_site elapsed_min=148.3 files_done=93 resolved=225 errors=1644 current=packages/babel-plugin-transform-classes/test/fixtures/get-set-loose/memoized-update/output.js
[2026-09-16T17:52:49Z] [iter=6] HEARTBEAT target_type=call_site elapsed_min=162.0 files_done=95 resolved=228 errors=1801 current=Gulpfile.mjs
[2026-09-16T17:59:10Z] [iter=6] HEARTBEAT target_type=call_site elapsed_min=168.3 files_done=96 resolved=248 errors=1874 current=packages/babel-plugin-proposal-class-properties/test/fixtures/private/optional-chain-before-property/output.js
[2026-09-16T18:00:54Z] [iter=6] HEARTBEAT target_type=call_site elapsed_min=170.0 files_done=97 resolved=248 errors=1894 current=packages/babel-plugin-proposal-class-properties/test/fixtures/private-loose/optional-chain-delete-property-with-transform/output.js
[2026-09-16T18:02:17Z] [iter=6] HEARTBEAT target_type=call_site elapsed_min=171.4 files_done=98 resolved=250 errors=1910 current=packages/babel-plugin-transform-react-jsx/test/fixtures/autoImport/complicated-scope-module/output.mjs
[2026-09-16T18:03:36Z] [iter=6] HEARTBEAT target_type=call_site elapsed_min=172.7 files_done=100 resolved=257 errors=1925 current=scripts/parser-tests/utils/parser-test-runner.js
[2026-09-16T18:04:18Z] [iter=6] HEARTBEAT target_type=call_site elapsed_min=173.4 files_done=101 resolved=281 errors=1933 current=packages/babel-node/src/babel-node.js
[2026-09-16T18:05:05Z] [iter=6] HEARTBEAT target_type=call_site elapsed_min=174.2 files_done=105 resolved=291 errors=1942 current=packages/babel-plugin-transform-react-jsx-source/test/fixtures/react-source/basic-sample/exec.js
[2026-09-16T18:07:53Z] [iter=6] HEARTBEAT target_type=call_site elapsed_min=177.0 files_done=110 resolved=328 errors=1974 current=packages/babel-plugin-proposal-class-properties/test/fixtures/private/optional-chain-before-property-with-transform/exec.js
[2026-09-16T18:14:50Z] [iter=6] HEARTBEAT target_type=call_site elapsed_min=184.0 files_done=111 resolved=328 errors=2054 current=packages/babel-plugin-transform-runtime/test/fixtures/runtime-corejs3/built-in-instance-methods/output.js
[2026-09-16T18:21:22Z] [iter=6] HEARTBEAT target_type=call_site elapsed_min=190.5 files_done=112 resolved=328 errors=2129 current=packages/babel-plugin-proposal-async-generator-functions/test/fixtures/yield-star/return-method/exec.js
[2026-09-16T18:22:15Z] [iter=6] HEARTBEAT target_type=call_site elapsed_min=191.4 files_done=113 resolved=328 errors=2139 current=packages/babel-standalone/test/babel.js
[2026-09-16T18:24:09Z] [iter=6] HEARTBEAT target_type=call_site elapsed_min=193.3 files_done=115 resolved=328 errors=2161 current=packages/babel-plugin-transform-reserved-words/test/index.js
[2026-09-16T18:26:41Z] [iter=6] HEARTBEAT target_type=call_site elapsed_min=195.8 files_done=118 resolved=334 errors=2190 current=packages/babel-plugin-proposal-pipeline-operator/test/fixtures/minimal/arrow-functions-parenless/output.js
[2026-09-16T18:32:48Z] [iter=6] HEARTBEAT target_type=call_site elapsed_min=201.9 files_done=121 resolved=356 errors=2260 current=eslint/babel-eslint-parser/src/analyze-scope.cjs
[2026-09-16T18:36:01Z] [iter=6] HEARTBEAT target_type=call_site elapsed_min=205.1 files_done=122 resolved=361 errors=2297 current=packages/babel-plugin-proposal-class-properties/test/fixtures/private-loose/optional-chain-optional-property/exec.js
[2026-09-16T18:43:03Z] [iter=6] HEARTBEAT target_type=call_site elapsed_min=212.2 files_done=123 resolved=361 errors=2378 current=packages/babel-preset-env/test/fixtures/corejs3/entry-require-es-proposals/output.js
[2026-09-16T18:43:45Z] [iter=6] HEARTBEAT target_type=call_site elapsed_min=212.9 files_done=127 resolved=366 errors=2386 current=packages/babel-plugin-proposal-class-properties/test/fixtures/private/optional-chain-before-member-call-with-transform/output.js
[2026-09-16T18:45:29Z] [iter=6] HEARTBEAT target_type=call_site elapsed_min=214.6 files_done=128 resolved=366 errors=2406 current=test/runtime-integration/src/require-auto.cjs
[2026-09-16T18:46:32Z] [iter=6] HEARTBEAT target_type=call_site elapsed_min=215.7 files_done=131 resolved=371 errors=2418 current=packages/babel-plugin-transform-block-scoping/test/fixtures/const-violations/nested-update-expressions/exec.js
[2026-09-16T19:00:28Z] [iter=6] HEARTBEAT target_type=call_site elapsed_min=229.6 files_done=134 resolved=371 errors=2579 current=packages/babel-plugin-proposal-async-generator-functions/test/fixtures/yield-star-polyfill-corejs3/return-method-with-finally/exec.js
[2026-09-16T19:01:30Z] [iter=6] HEARTBEAT target_type=call_site elapsed_min=230.6 files_done=135 resolved=371 errors=2591 current=packages/babel-plugin-proposal-optional-chaining/test/fixtures/general/parenthesized-member-call/output.js
[2026-09-16T19:02:48Z] [iter=6] HEARTBEAT target_type=call_site elapsed_min=231.9 files_done=137 resolved=377 errors=2606 current=packages/babel-core/test/fixtures/transformation/misc/regression-2765/output.js
[2026-09-16T19:11:01Z] [iter=6] CHECKPOINT TRIGGERED elapsed_min=240.2 files_completed=247 new_files_this_iter=140 mem_mb=2462 MB
[2026-09-16T19:11:01Z] [iter=6] Writing partial enrichment graph path=/home/runner/work/forx/forx/storage/aggregate/lsp/b2376757d7a42c6785b24091144ef7f00df7d436.nq.gz triples=192421
[2026-09-16T19:11:06Z] [iter=6] Checkpoint written, exiting with code 7
[2026-09-16T19:11:06Z] [iter=6] PHASE END: enrich (checkpointed) elapsed_s=14409 elapsed_min=240.2 files_completed=247
