[2026-09-17T10:06:39Z] === ENRICH ITERATION 17 START | repo=babel/babel sha=b2376757 ===
[2026-09-17T10:06:39Z] [iter=17] PHASE START: enrich repo=babel/babel sha=b2376757 runlog=/home/runner/work/forx/forx/storage/aggregate/lsp/logs/b2376757-enrich-iter-017.log output=/home/runner/work/forx/forx/storage/aggregate/lsp/b2376757d7a42c6785b24091144ef7f00df7d436.nq.gz
[2026-09-17T10:07:22Z] [iter=17] Step 1: Loading AST into disk-backed store mem_mb=87 MB
[2026-09-17T10:10:35Z] [iter=17] AST store loaded triples=11988611 load_secs=189 mem_mb=1145 MB
[2026-09-17T10:10:35Z] [iter=17] Step 2: Finding LSP targets mem_mb=1145 MB
[2026-09-17T10:10:52Z] [iter=17] LSP targets found call_sites=103880 imports=5877 extends=768 implements=3 secs=17
[2026-09-17T10:11:02Z] [iter=17] Loaded checkpoint partial graph triples=285594
[2026-09-17T10:11:13Z] [iter=17] Step 2.7: Building position index (one-shot, shared across resolvers) mem_mb=1273 MB
[2026-09-17T10:12:06Z] [iter=17] Position index built positions=800545 nodes_with_types=929189 secs=53 mem_mb=2675 MB
[2026-09-17T10:12:06Z] [iter=17] Step 3: Starting LSP resolution mem_mb=2675 MB already_completed_types=[] already_completed_files=5247
[2026-09-17T10:12:06Z] [iter=17] Resolving target type target_type=call_site count=103880
[2026-09-17T10:12:09Z] [iter=17] HEARTBEAT target_type=call_site elapsed_min=5.5 files_done=0 resolved=0 errors=0 current=packages/babel-plugin-transform-react-jsx/test/fixtures/react/should-allow-js-namespacing/output.js
[2026-09-17T10:12:40Z] [iter=17] HEARTBEAT target_type=call_site elapsed_min=6.0 files_done=29 resolved=3 errors=6 current=packages/babel-plugin-transform-modules-commonjs/test/fixtures/interop-loose/export-from-8/output.js
[2026-09-17T10:13:13Z] [iter=17] HEARTBEAT target_type=call_site elapsed_min=6.6 files_done=55 resolved=10 errors=13 current=packages/babel-parser/test/fixtures/experimental/module-blocks/valid-module-blocks-as-arguments/input.js
[2026-09-17T10:13:44Z] [iter=17] HEARTBEAT target_type=call_site elapsed_min=7.1 files_done=79 resolved=16 errors=19 current=packages/babel-parser/test/fixtures/core/sourcetype-unambiguous/import-meta/input.js
[2026-09-17T10:14:18Z] [iter=17] HEARTBEAT target_type=call_site elapsed_min=7.6 files_done=106 resolved=28 errors=26 current=packages/babel-generator/test/fixtures/comments/if-block-line-comment/output.js
[2026-09-17T10:14:51Z] [iter=17] HEARTBEAT target_type=call_site elapsed_min=8.2 files_done=139 resolved=36 errors=33 current=packages/babel-plugin-transform-classes/test/fixtures/regression/T2997/input.js
[2026-09-17T10:15:24Z] [iter=17] HEARTBEAT target_type=call_site elapsed_min=8.8 files_done=181 resolved=45 errors=40 current=packages/babel-parser/test/fixtures/experimental/pipeline-operator/hack-percent-proposal-topic-with-optional-method-call/input.js
[2026-09-17T10:15:57Z] [iter=17] HEARTBEAT target_type=call_site elapsed_min=9.3 files_done=204 resolved=50 errors=47 current=packages/babel-preset-env/test/fixtures/corejs3-babel-7/usage-browserslist-config-ignore/output.mjs
[2026-09-17T10:16:33Z] [iter=17] HEARTBEAT target_type=call_site elapsed_min=9.9 files_done=230 resolved=53 errors=55 current=packages/babel-generator/test/fixtures/types/WithStatement/output.js
[2026-09-17T10:17:06Z] [iter=17] HEARTBEAT target_type=call_site elapsed_min=10.4 files_done=256 resolved=58 errors=62 current=packages/babel-traverse/test/fixtures/rename/method-computed-key-5/output.js
[2026-09-17T10:17:38Z] [iter=17] HEARTBEAT target_type=call_site elapsed_min=11.0 files_done=281 resolved=65 errors=69 current=packages/babel-parser/test/fixtures/core/uncategorised/233/input.js
[2026-09-17T10:18:08Z] [iter=17] HEARTBEAT target_type=call_site elapsed_min=11.5 files_done=309 resolved=71 errors=75 current=packages/babel-preset-env/test/fixtures/plugins-integration/issue-11278/output.js
[2026-09-17T10:18:41Z] [iter=17] HEARTBEAT target_type=call_site elapsed_min=12.0 files_done=370 resolved=83 errors=82 current=packages/babel-plugin-proposal-class-properties/test/fixtures/private/tagged-template-static/input.js
[2026-09-17T10:19:14Z] [iter=17] HEARTBEAT target_type=call_site elapsed_min=12.6 files_done=391 resolved=85 errors=89 current=packages/babel-plugin-transform-regenerator/test/fixtures/variable-renaming/retain-lines/input.js
[2026-09-17T10:19:48Z] [iter=17] HEARTBEAT target_type=call_site elapsed_min=13.2 files_done=442 resolved=98 errors=96 current=packages/babel-plugin-transform-typescript/test/fixtures/enum/string-value/output.js
[2026-09-17T10:20:19Z] [iter=17] HEARTBEAT target_type=call_site elapsed_min=13.7 files_done=463 resolved=105 errors=103 current=packages/babel-parser/test/fixtures/flow/iterator/15/input.js
[2026-09-17T10:20:51Z] [iter=17] HEARTBEAT target_type=call_site elapsed_min=14.2 files_done=478 resolved=106 errors=110 current=packages/babel-parser/test/fixtures/core/uncategorised/294/input.js
[2026-09-17T10:21:07Z] [iter=17] CHECKPOINT TRIGGERED elapsed_min=14.5 files_completed=5747 new_files_this_iter=500 mem_mb=2680 MB
[2026-09-17T10:21:07Z] [iter=17] Writing partial enrichment graph path=/home/runner/work/forx/forx/storage/aggregate/lsp/b2376757d7a42c6785b24091144ef7f00df7d436.nq.gz triples=287779
[2026-09-17T10:21:13Z] [iter=17] Checkpoint written, exiting with code 7
[2026-09-17T10:21:13Z] [iter=17] PHASE END: enrich (checkpointed) elapsed_s=868 elapsed_min=14.5 files_completed=5747
