[2026-09-16T19:44:34Z] === ENRICH ITERATION 7 START | repo=babel/babel sha=b2376757 ===
[2026-09-16T19:44:34Z] [iter=7] PHASE START: enrich repo=babel/babel sha=b2376757 runlog=/home/runner/work/forx/forx/storage/aggregate/lsp/logs/b2376757-enrich-iter-007.log output=/home/runner/work/forx/forx/storage/aggregate/lsp/b2376757d7a42c6785b24091144ef7f00df7d436.nq.gz
[2026-09-16T19:45:14Z] [iter=7] Step 1: Loading AST into disk-backed store mem_mb=85 MB
[2026-09-16T19:48:21Z] [iter=7] AST store loaded triples=11988611 load_secs=183 mem_mb=1056 MB
[2026-09-16T19:48:21Z] [iter=7] Step 2: Finding LSP targets mem_mb=1056 MB
[2026-09-16T19:48:37Z] [iter=7] LSP targets found call_sites=103880 imports=5877 extends=768 implements=3 secs=16
[2026-09-16T19:48:44Z] [iter=7] Loaded checkpoint partial graph triples=192421
[2026-09-16T19:48:54Z] [iter=7] Step 2.7: Building position index (one-shot, shared across resolvers) mem_mb=1056 MB
[2026-09-16T19:49:46Z] [iter=7] Position index built positions=800545 nodes_with_types=929189 secs=52 mem_mb=2368 MB
[2026-09-16T19:49:46Z] [iter=7] Step 3: Starting LSP resolution mem_mb=2368 MB already_completed_types=[] already_completed_files=247
[2026-09-16T19:49:46Z] [iter=7] Resolving target type target_type=call_site count=103880
[2026-09-16T19:49:48Z] [iter=7] HEARTBEAT target_type=call_site elapsed_min=5.2 files_done=0 resolved=0 errors=0 current=packages/babel-plugin-proposal-class-properties/test/fixtures/private/optional-chain-member-optional-call-with-transform/exec.js
[2026-09-16T19:58:49Z] [iter=7] HEARTBEAT target_type=call_site elapsed_min=14.2 files_done=1 resolved=0 errors=160 current=packages/babel-preset-env/test/fixtures/corejs2/usage-evaluated-instance-methods/input.mjs
[2026-09-16T19:59:59Z] [iter=7] HEARTBEAT target_type=call_site elapsed_min=15.4 files_done=8 resolved=8 errors=181 current=packages/babel-plugin-proposal-logical-assignment-operators/test/fixtures/logical-assignment/null-coalescing/output.js
[2026-09-16T20:00:30Z] [iter=7] HEARTBEAT target_type=call_site elapsed_min=15.9 files_done=15 resolved=19 errors=190 current=packages/babel-plugin-proposal-class-static-block/test/fixtures/integration/in-class-heritage/input.js
[2026-09-16T20:01:13Z] [iter=7] HEARTBEAT target_type=call_site elapsed_min=16.7 files_done=20 resolved=20 errors=203 current=packages/babel-plugin-proposal-private-methods/test/fixtures/private-static-method-loose/this/exec.js
[2026-09-16T20:03:13Z] [iter=7] HEARTBEAT target_type=call_site elapsed_min=18.6 files_done=22 resolved=20 errors=238 current=packages/babel-parser/src/parser/util.js
[2026-09-16T20:05:49Z] [iter=7] HEARTBEAT target_type=call_site elapsed_min=21.3 files_done=23 resolved=27 errors=284 current=packages/babel-plugin-proposal-class-properties/test/fixtures/private/static-inherited/exec.js
[2026-09-16T20:07:47Z] [iter=7] HEARTBEAT target_type=call_site elapsed_min=23.2 files_done=24 resolved=27 errors=319 current=packages/babel-plugin-proposal-class-properties/test/fixtures/private-loose/optional-chain-member-optional-call/exec.js
[2026-09-16T20:16:48Z] [iter=7] HEARTBEAT target_type=call_site elapsed_min=32.2 files_done=25 resolved=27 errors=479 current=packages/babel-core/test/targets.js
[2026-09-16T20:18:57Z] [iter=7] HEARTBEAT target_type=call_site elapsed_min=34.4 files_done=26 resolved=27 errors=517 current=packages/babel-plugin-proposal-class-properties/test/fixtures/private-loose/optional-chain-delete-property-with-transform/exec.js
[2026-09-16T20:22:32Z] [iter=7] HEARTBEAT target_type=call_site elapsed_min=38.0 files_done=27 resolved=28 errors=581 current=packages/babel-plugin-transform-modules-umd/test/fixtures/loose/hoist-function-exports/output.js
[2026-09-16T20:23:57Z] [iter=7] HEARTBEAT target_type=call_site elapsed_min=39.4 files_done=30 resolved=34 errors=606 current=packages/babel-plugin-transform-classes/test/fixtures/get-set-loose/memoized-assign/output.js
[2026-09-16T20:28:51Z] [iter=7] HEARTBEAT target_type=call_site elapsed_min=44.3 files_done=35 resolved=45 errors=693 current=packages/babel-plugin-proposal-optional-chaining/test/fixtures/general/parenthesized-member-call-loose/exec.js
[2026-09-16T20:29:24Z] [iter=7] HEARTBEAT target_type=call_site elapsed_min=44.8 files_done=37 resolved=45 errors=703 current=packages/babel-plugin-proposal-pipeline-operator/test/fixtures/fsharp/basic/exec.js
[2026-09-16T20:30:05Z] [iter=7] HEARTBEAT target_type=call_site elapsed_min=45.5 files_done=39 resolved=46 errors=715 current=packages/babel-core/test/fixtures/plugins/inference-recursion/exec.js
[2026-09-16T20:30:52Z] [iter=7] HEARTBEAT target_type=call_site elapsed_min=46.3 files_done=40 resolved=46 errors=729 current=packages/babel-core/test/api.js
[2026-09-16T20:34:58Z] [iter=7] HEARTBEAT target_type=call_site elapsed_min=50.4 files_done=41 resolved=54 errors=802 current=packages/babel-plugin-transform-classes/test/fixtures/spec/super-reference-before-bare-super/output.js
[2026-09-16T20:35:32Z] [iter=7] HEARTBEAT target_type=call_site elapsed_min=51.0 files_done=44 resolved=67 errors=812 current=packages/babel-plugin-proposal-class-properties/test/fixtures/private-loose/optional-chain-delete-property/output.js
[2026-09-16T20:36:26Z] [iter=7] HEARTBEAT target_type=call_site elapsed_min=51.9 files_done=45 resolved=69 errors=828 current=packages/babel-traverse/test/path/index.js
[2026-09-16T20:38:18Z] [iter=7] HEARTBEAT target_type=call_site elapsed_min=53.7 files_done=50 resolved=72 errors=861 current=packages/babel-plugin-transform-block-scoping/test/fixtures/tdz/function-call-before/exec.js
[2026-09-16T20:38:52Z] [iter=7] HEARTBEAT target_type=call_site elapsed_min=54.3 files_done=55 resolved=77 errors=871 current=packages/babel-plugin-transform-classes/test/fixtures/get-set/set-semantics-not-defined-on-parent-setter-on-obj/exec.js
[2026-09-16T20:40:55Z] [iter=7] HEARTBEAT target_type=call_site elapsed_min=56.3 files_done=58 resolved=125 errors=907 current=packages/babel-plugin-transform-object-super/test/fixtures/get-set/get-semantics-not-defined-on-parent/input.js
[2026-09-16T20:41:38Z] [iter=7] HEARTBEAT target_type=call_site elapsed_min=57.1 files_done=60 resolved=126 errors=920 current=packages/babel-plugin-transform-parameters/test/fixtures/assumption-ignoreFunctionLength/default-iife-1128/exec.js
[2026-09-16T20:46:05Z] [iter=7] HEARTBEAT target_type=call_site elapsed_min=61.5 files_done=62 resolved=126 errors=999 current=packages/babel-plugin-proposal-nullish-coalescing-operator/src/index.js
[2026-09-16T20:47:06Z] [iter=7] HEARTBEAT target_type=call_site elapsed_min=62.5 files_done=68 resolved=126 errors=1017 current=packages/babel-plugin-transform-block-scoping/test/fixtures/tdz/function-call-recursive-before/exec.js
[2026-09-16T20:47:50Z] [iter=7] HEARTBEAT target_type=call_site elapsed_min=63.3 files_done=70 resolved=129 errors=1030 current=packages/babel-plugin-proposal-class-properties/test/fixtures/private-loose/static-inherited/exec.js
[2026-09-16T20:49:48Z] [iter=7] HEARTBEAT target_type=call_site elapsed_min=65.2 files_done=71 resolved=129 errors=1065 current=packages/babel-parser/test/fixtures/es2015/uncategorised/372/input.js
[2026-09-16T20:50:33Z] [iter=7] HEARTBEAT target_type=call_site elapsed_min=66.0 files_done=75 resolved=130 errors=1078 current=packages/babel-plugin-proposal-partial-application/test/fixtures/general/nested-member-expression/exec.js
[2026-09-16T20:55:19Z] [iter=7] HEARTBEAT target_type=call_site elapsed_min=70.8 files_done=79 resolved=130 errors=1163 current=packages/babel-plugin-proposal-class-properties/test/fixtures/private-loose/nested-class-redeclared/output.js
[2026-09-16T20:55:59Z] [iter=7] HEARTBEAT target_type=call_site elapsed_min=71.4 files_done=84 resolved=133 errors=1175 current=packages/babel-plugin-transform-block-scoping/test/fixtures/exec/multiple.js
[2026-09-16T20:57:23Z] [iter=7] HEARTBEAT target_type=call_site elapsed_min=72.8 files_done=88 resolved=134 errors=1200 current=packages/babel-parser/src/plugin-utils.js
[2026-09-16T20:58:35Z] [iter=7] HEARTBEAT target_type=call_site elapsed_min=74.0 files_done=89 resolved=147 errors=1221 current=packages/babel-plugin-proposal-pipeline-operator/test/fixtures/hack-percent/pipe-body-with-yield/input.js
[2026-09-16T20:59:35Z] [iter=7] HEARTBEAT target_type=call_site elapsed_min=75.0 files_done=92 resolved=150 errors=1239 current=packages/babel-plugin-transform-arrow-functions/test/fixtures/spec/newableArrowFunction-default/output.js
[2026-09-16T21:01:54Z] [iter=7] HEARTBEAT target_type=call_site elapsed_min=77.3 files_done=96 resolved=151 errors=1280 current=packages/babel-plugin-proposal-function-bind/test/fixtures/function-bind/complex-call/input.mjs
[2026-09-16T21:02:44Z] [iter=7] HEARTBEAT target_type=call_site elapsed_min=78.2 files_done=99 resolved=153 errors=1295 current=packages/babel-types/scripts/generators/flow.js
[2026-09-16T21:04:46Z] [iter=7] HEARTBEAT target_type=call_site elapsed_min=80.2 files_done=107 resolved=183 errors=1331 current=packages/babel-plugin-transform-classes/test/fixtures/spec/super-class-anonymous/output.js
[2026-09-16T21:05:20Z] [iter=7] HEARTBEAT target_type=call_site elapsed_min=80.8 files_done=108 resolved=183 errors=1341 current=packages/babel-plugin-transform-parameters/test/fixtures/parameters/rest-deepest-common-ancestor-earliest-child/output.js
[2026-09-16T21:09:03Z] [iter=7] HEARTBEAT target_type=call_site elapsed_min=84.5 files_done=114 resolved=190 errors=1407 current=packages/babel-plugin-proposal-private-methods/test/fixtures/private-static-method/tagged-template/output.js
[2026-09-16T21:15:03Z] [iter=7] HEARTBEAT target_type=call_site elapsed_min=90.5 files_done=118 resolved=193 errors=1514 current=packages/babel-plugin-transform-block-scoping/test/fixtures/tdz/function-call-after/exec.js
[2026-09-16T21:15:37Z] [iter=7] HEARTBEAT target_type=call_site elapsed_min=91.1 files_done=124 resolved=196 errors=1524 current=packages/babel-plugin-proposal-private-methods/test/fixtures/private-static-method-privateFieldsAsProperties/exfiltrated/exec.js
[2026-09-16T21:20:17Z] [iter=7] HEARTBEAT target_type=call_site elapsed_min=95.7 files_done=128 resolved=198 errors=1607 current=packages/babel-preset-env/scripts/smoke-test.js
[2026-09-16T21:21:21Z] [iter=7] HEARTBEAT target_type=call_site elapsed_min=96.8 files_done=129 resolved=206 errors=1626 current=packages/babel-plugin-proposal-private-methods/test/fixtures/static-accessors/destructure-set/output.js
[2026-09-16T21:23:02Z] [iter=7] HEARTBEAT target_type=call_site elapsed_min=98.5 files_done=132 resolved=206 errors=1656 current=packages/babel-core/test/option-manager.js
[2026-09-16T21:24:49Z] [iter=7] HEARTBEAT target_type=call_site elapsed_min=100.3 files_done=133 resolved=208 errors=1688 current=packages/babel-plugin-proposal-pipeline-operator/test/fixtures/hack-hash/pipe-head-with-nested-pipe/input.js
[2026-09-16T21:25:36Z] [iter=7] HEARTBEAT target_type=call_site elapsed_min=101.0 files_done=137 resolved=210 errors=1702 current=packages/babel-core/test/fixtures/transformation/regenerator/destructuring-parameters/exec.js
[2026-09-16T21:26:06Z] [iter=7] HEARTBEAT target_type=call_site elapsed_min=101.5 files_done=143 resolved=213 errors=1711 current=packages/babel-plugin-proposal-decorators/test/fixtures/element-descriptors/not-reused-field/exec.js
[2026-09-16T21:27:23Z] [iter=7] HEARTBEAT target_type=call_site elapsed_min=102.8 files_done=145 resolved=216 errors=1734 current=packages/babel-plugin-proposal-class-properties/test/fixtures/private-loose/parenthesized-optional-member-call-with-transform/output.js
[2026-09-16T21:28:01Z] [iter=7] HEARTBEAT target_type=call_site elapsed_min=103.5 files_done=147 resolved=218 errors=1745 current=packages/babel-plugin-transform-regenerator/test/fixtures/computed-properties/example/output.js
[2026-09-16T21:29:02Z] [iter=7] HEARTBEAT target_type=call_site elapsed_min=104.5 files_done=150 resolved=247 errors=1763 current=packages/babel-plugin-proposal-class-properties/test/fixtures/public-loose/non-block-arrow-func/output.mjs
[2026-09-16T21:29:49Z] [iter=7] HEARTBEAT target_type=call_site elapsed_min=105.3 files_done=153 resolved=248 errors=1777 current=packages/babel-plugin-transform-modules-systemjs/test/fixtures/systemjs/export-const-destructuring-object/output.mjs
[2026-09-16T21:30:19Z] [iter=7] HEARTBEAT target_type=call_site elapsed_min=105.8 files_done=157 resolved=252 errors=1786 current=packages/babel-plugin-proposal-class-properties/test/fixtures/private-loose/parenthesized-optional-member-call/output.js
[2026-09-16T21:30:50Z] [iter=7] HEARTBEAT target_type=call_site elapsed_min=106.3 files_done=160 resolved=252 errors=1795 current=packages/babel-plugin-proposal-class-properties/test/fixtures/assumption-noDocumentAll/optional-chain-before-member-call/output.js
[2026-09-16T21:31:57Z] [iter=7] HEARTBEAT target_type=call_site elapsed_min=107.4 files_done=161 resolved=252 errors=1815 current=packages/babel-plugin-proposal-class-properties/test/fixtures/private-loose/optional-chain-member-optional-call-with-transform/input.js
[2026-09-16T21:36:32Z] [iter=7] HEARTBEAT target_type=call_site elapsed_min=112.0 files_done=162 resolved=252 errors=1897 current=packages/babel-plugin-transform-classes/test/fixtures/get-set/set-semantics-not-defined-on-parent-data-on-obj/output.js
[2026-09-16T21:37:12Z] [iter=7] HEARTBEAT target_type=call_site elapsed_min=112.6 files_done=167 resolved=255 errors=1909 current=packages/babel-plugin-transform-parameters/test/fixtures/regression/6057-expanded/output.js
[2026-09-16T21:39:24Z] [iter=7] HEARTBEAT target_type=call_site elapsed_min=114.8 files_done=176 resolved=276 errors=1948 current=packages/babel-plugin-proposal-pipeline-operator/test/fixtures/smart/pipe-body-with-nested-pipe/exec.js
[2026-09-16T21:40:24Z] [iter=7] HEARTBEAT target_type=call_site elapsed_min=115.8 files_done=181 resolved=282 errors=1966 current=packages/babel-plugin-proposal-class-properties/test/fixtures/private/nested-class-computed/output.js
[2026-09-16T21:44:52Z] [iter=7] HEARTBEAT target_type=call_site elapsed_min=120.3 files_done=184 resolved=284 errors=2046 current=packages/babel-plugin-transform-react-jsx/test/fixtures/react-automatic/should-handle-attributed-elements/input.js
[2026-09-16T21:45:29Z] [iter=7] HEARTBEAT target_type=call_site elapsed_min=120.9 files_done=192 resolved=288 errors=2057 current=packages/babel-plugin-proposal-private-property-in-object/test/fixtures/assumption-privateFieldsAsProperties/nested-class/output.js
[2026-09-16T21:47:00Z] [iter=7] HEARTBEAT target_type=call_site elapsed_min=122.4 files_done=196 resolved=294 errors=2084 current=packages/babel-preset-env/test/fixtures/corejs3/usage-instance-methods-native-support/output.mjs
[2026-09-16T21:52:03Z] [iter=7] HEARTBEAT target_type=call_site elapsed_min=127.5 files_done=204 resolved=299 errors=2174 current=packages/babel-plugin-proposal-private-methods/test/fixtures/private-static-method/read-only/exec.js
[2026-09-16T22:01:11Z] [iter=7] HEARTBEAT target_type=call_site elapsed_min=136.6 files_done=212 resolved=312 errors=2337 current=packages/babel-plugin-proposal-class-properties/test/fixtures/private/parenthesized-optional-member-call/output.js
[2026-09-16T22:01:41Z] [iter=7] HEARTBEAT target_type=call_site elapsed_min=137.1 files_done=218 resolved=331 errors=2346 current=packages/babel-plugin-transform-react-jsx/test/fixtures/autoImport/complicated-scope-script/input.js
[2026-09-16T22:05:22Z] [iter=7] HEARTBEAT target_type=call_site elapsed_min=140.8 files_done=221 resolved=332 errors=2412 current=packages/babel-plugin-transform-modules-umd/test/fixtures/assumption-constantReexports/import-export/output.js
[2026-09-16T22:05:53Z] [iter=7] HEARTBEAT target_type=call_site elapsed_min=141.3 files_done=226 resolved=338 errors=2421 current=packages/babel-plugin-transform-classes/test/fixtures/get-set-loose/set-semantics-not-defined-on-parent-setter-on-obj/output.js
[2026-09-16T22:06:27Z] [iter=7] HEARTBEAT target_type=call_site elapsed_min=141.9 files_done=232 resolved=346 errors=2431 current=packages/babel-plugin-proposal-optional-chaining/test/fixtures/general/in-function-params-loose/input.js
[2026-09-16T22:07:08Z] [iter=7] HEARTBEAT target_type=call_site elapsed_min=142.6 files_done=239 resolved=350 errors=2443 current=packages/babel-node/src/_babel-node.js
[2026-09-16T22:07:45Z] [iter=7] HEARTBEAT target_type=call_site elapsed_min=143.2 files_done=240 resolved=352 errors=2454 current=packages/babel-plugin-proposal-pipeline-operator/test/fixtures/minimal/evaluation/output.js
[2026-09-16T22:08:22Z] [iter=7] HEARTBEAT target_type=call_site elapsed_min=143.8 files_done=245 resolved=353 errors=2465 current=packages/babel-plugin-proposal-class-properties/test/fixtures/public/instance-computed/exec.js
[2026-09-16T22:08:52Z] [iter=7] HEARTBEAT target_type=call_site elapsed_min=144.3 files_done=250 resolved=355 errors=2474 current=packages/babel-plugin-proposal-pipeline-operator/test/fixtures/hack-hash/transform-await-and-arrow-functions/input.js
[2026-09-16T22:13:36Z] [iter=7] HEARTBEAT target_type=call_site elapsed_min=149.0 files_done=252 resolved=357 errors=2559 current=packages/babel-plugin-proposal-pipeline-operator/test/fixtures/minimal/arrow-functions/input.js
[2026-09-16T22:15:07Z] [iter=7] HEARTBEAT target_type=call_site elapsed_min=150.6 files_done=263 resolved=380 errors=2586 current=packages/babel-plugin-transform-exponentiation-operator/test/fixtures/exponentian-operator/comprehensive/exec.js
[2026-09-16T22:16:17Z] [iter=7] HEARTBEAT target_type=call_site elapsed_min=151.7 files_done=267 resolved=383 errors=2607 current=packages/babel-preset-env/test/fixtures/corejs3/usage-native-support/input.mjs
[2026-09-16T22:18:47Z] [iter=7] HEARTBEAT target_type=call_site elapsed_min=154.2 files_done=272 resolved=392 errors=2652 current=packages/babel-plugin-transform-block-scoping/test/fixtures/tdz/function-call-nested-function/output.js
[2026-09-16T22:19:43Z] [iter=7] HEARTBEAT target_type=call_site elapsed_min=155.2 files_done=274 resolved=392 errors=2669 current=packages/babel-plugin-proposal-function-bind/test/fixtures/function-bind/complex-call/output.mjs
[2026-09-16T22:20:20Z] [iter=7] HEARTBEAT target_type=call_site elapsed_min=155.8 files_done=279 resolved=406 errors=2680 current=packages/babel-plugin-proposal-class-properties/test/fixtures/private/optional-chain-delete-property/output.js
[2026-09-16T22:21:13Z] [iter=7] HEARTBEAT target_type=call_site elapsed_min=156.7 files_done=280 resolved=406 errors=2696 current=packages/babel-plugin-transform-spread/src/index.js
[2026-09-16T22:21:54Z] [iter=7] HEARTBEAT target_type=call_site elapsed_min=157.3 files_done=281 resolved=410 errors=2708 current=packages/babel-plugin-proposal-class-properties/test/fixtures/private-loose/optional-chain-optional-member-call/input.js
[2026-09-16T22:26:28Z] [iter=7] HEARTBEAT target_type=call_site elapsed_min=161.9 files_done=282 resolved=410 errors=2790 current=packages/babel-plugin-proposal-record-and-tuple/src/index.js
[2026-09-16T22:27:08Z] [iter=7] HEARTBEAT target_type=call_site elapsed_min=162.6 files_done=285 resolved=416 errors=2802 current=packages/babel-plugin-transform-template-literals/src/index.js
[2026-09-16T22:27:51Z] [iter=7] HEARTBEAT target_type=call_site elapsed_min=163.3 files_done=288 resolved=428 errors=2815 current=packages/babel-plugin-proposal-class-properties/test/fixtures/private-loose/canonical/exec.js
[2026-09-16T22:29:12Z] [iter=7] HEARTBEAT target_type=call_site elapsed_min=164.6 files_done=289 resolved=428 errors=2839 current=packages/babel-plugin-proposal-class-properties/test/fixtures/private-loose/optional-chain-before-member-call/input.js
[2026-09-16T22:33:31Z] [iter=7] HEARTBEAT target_type=call_site elapsed_min=169.0 files_done=290 resolved=428 errors=2917 current=packages/babel-plugin-transform-block-scoping/test/fixtures/pass/defaults.js
[2026-09-16T22:35:01Z] [iter=7] HEARTBEAT target_type=call_site elapsed_min=170.5 files_done=292 resolved=432 errors=2944 current=packages/babel-plugin-proposal-class-properties/test/fixtures/private/optional-chain-before-property/exec.js
[2026-09-16T22:39:25Z] [iter=7] HEARTBEAT target_type=call_site elapsed_min=174.9 files_done=293 resolved=432 errors=3024 current=packages/babel-preset-env/test/fixtures/preset-options/useBuiltIns-false/output.mjs
[2026-09-16T22:40:05Z] [iter=7] HEARTBEAT target_type=call_site elapsed_min=175.5 files_done=297 resolved=436 errors=3036 current=packages/babel-plugin-transform-classes/test/fixtures/get-set-loose/call-semantics-getter-defined-on-parent/input.js
[2026-09-16T22:42:05Z] [iter=7] HEARTBEAT target_type=call_site elapsed_min=177.5 files_done=299 resolved=436 errors=3072 current=packages/babel-plugin-proposal-class-properties/test/fixtures/private/logical-assignment/output.js
[2026-09-16T22:43:42Z] [iter=7] HEARTBEAT target_type=call_site elapsed_min=179.1 files_done=301 resolved=446 errors=3101 current=packages/babel-plugin-transform-modules-umd/test/fixtures/loose/remap/output.js
[2026-09-16T22:44:26Z] [iter=7] HEARTBEAT target_type=call_site elapsed_min=179.9 files_done=303 resolved=449 errors=3114 current=packages/babel-plugin-proposal-class-properties/test/fixtures/private/optional-chain-optional-property/output.js
[2026-09-16T22:45:33Z] [iter=7] HEARTBEAT target_type=call_site elapsed_min=181.0 files_done=304 resolved=449 errors=3134 current=packages/babel-parser/test/fixtures/es2015/destructuring/invalid-object-method/input.js
[2026-09-16T22:46:13Z] [iter=7] HEARTBEAT target_type=call_site elapsed_min=181.7 files_done=306 resolved=449 errors=3146 current=scripts/parser-tests/typescript/index.js
[2026-09-16T22:47:07Z] [iter=7] HEARTBEAT target_type=call_site elapsed_min=182.6 files_done=308 resolved=453 errors=3162 current=packages/babel-plugin-transform-classes/test/fixtures/spec/computed-keys-yield-await/output.js
[2026-09-16T22:47:37Z] [iter=7] HEARTBEAT target_type=call_site elapsed_min=183.1 files_done=313 resolved=453 errors=3171 current=packages/babel-plugin-syntax-jsx/src/index.js
[2026-09-16T22:48:07Z] [iter=7] HEARTBEAT target_type=call_site elapsed_min=183.6 files_done=316 resolved=455 errors=3180 current=packages/babel-plugin-proposal-class-properties/test/fixtures/private/optional-chain-in-function-param/output.js
[2026-09-16T22:48:57Z] [iter=7] HEARTBEAT target_type=call_site elapsed_min=184.4 files_done=318 resolved=459 errors=3195 current=packages/babel-plugin-transform-jscript/test/fixtures/jscript/var-named-function-expression/output.js
[2026-09-16T22:50:36Z] [iter=7] HEARTBEAT target_type=call_site elapsed_min=186.0 files_done=320 resolved=459 errors=3225 current=packages/babel-plugin-transform-modules-commonjs/test/copied-nodes.js
[2026-09-16T22:51:26Z] [iter=7] HEARTBEAT target_type=call_site elapsed_min=186.9 files_done=327 resolved=465 errors=3240 current=packages/babel-parser/src/plugins/placeholders.js
[2026-09-16T22:52:43Z] [iter=7] HEARTBEAT target_type=call_site elapsed_min=188.2 files_done=328 resolved=468 errors=3263 current=packages/babel-types/test/misc.js
[2026-09-16T22:53:16Z] [iter=7] HEARTBEAT target_type=call_site elapsed_min=188.7 files_done=330 resolved=468 errors=3273 current=packages/babel-plugin-proposal-class-properties/test/fixtures/private/destructuring-array-pattern-2/output.js
[2026-09-16T22:54:29Z] [iter=7] HEARTBEAT target_type=call_site elapsed_min=189.9 files_done=342 resolved=497 errors=3295 current=packages/babel-compat-data/scripts/data/corejs2-built-in-features.js
[2026-09-16T22:56:28Z] [iter=7] HEARTBEAT target_type=call_site elapsed_min=191.9 files_done=344 resolved=505 errors=3331 current=packages/babel-helper-builder-react-jsx/src/index.js
[2026-09-16T22:59:20Z] [iter=7] HEARTBEAT target_type=call_site elapsed_min=194.8 files_done=345 resolved=510 errors=3383 current=packages/babel-preset-env/test/fixtures/corejs2/usage-promise-finally/input.mjs
[2026-09-16T23:00:33Z] [iter=7] HEARTBEAT target_type=call_site elapsed_min=196.0 files_done=348 resolved=513 errors=3405 current=packages/babel-plugin-transform-block-scoping/test/fixtures/general/block-inside-switch-inside-loop/exec.js
[2026-09-16T23:01:16Z] [iter=7] HEARTBEAT target_type=call_site elapsed_min=196.7 files_done=351 resolved=514 errors=3418 current=packages/babel-plugin-proposal-async-generator-functions/test/fixtures/async-generators/yield-star/output.js
[2026-09-16T23:02:59Z] [iter=7] HEARTBEAT target_type=call_site elapsed_min=198.4 files_done=360 resolved=520 errors=3449 current=packages/babel-plugin-proposal-do-expressions/test/fixtures/do-expression-switch-case/fallthrough/exec.js
[2026-09-16T23:03:35Z] [iter=7] HEARTBEAT target_type=call_site elapsed_min=199.0 files_done=365 resolved=522 errors=3460 current=packages/babel-preset-env/test/fixtures/dynamic-import/modules-umd/input.mjs
[2026-09-16T23:07:53Z] [iter=7] HEARTBEAT target_type=call_site elapsed_min=203.3 files_done=367 resolved=522 errors=3538 current=packages/babel-plugin-proposal-private-methods/test/fixtures/static-accessors-privateFieldsAsProperties/updates/exec.js
[2026-09-16T23:08:59Z] [iter=7] HEARTBEAT target_type=call_site elapsed_min=204.4 files_done=369 resolved=532 errors=3558 current=packages/babel-plugin-proposal-private-property-in-object/test/fixtures/to-native-fields/nested-class-other-redeclared/output.js
[2026-09-16T23:09:45Z] [iter=7] HEARTBEAT target_type=call_site elapsed_min=205.2 files_done=371 resolved=552 errors=3572 current=codemods/babel-plugin-codemod-object-assign-to-object-spread/src/index.js
[2026-09-16T23:10:49Z] [iter=7] HEARTBEAT target_type=call_site elapsed_min=206.3 files_done=376 resolved=553 errors=3591 current=packages/babel-preset-env/test/fixtures/corejs3-babel-7/entry-require-all/output.js
[2026-09-16T23:11:29Z] [iter=7] HEARTBEAT target_type=call_site elapsed_min=206.9 files_done=384 resolved=555 errors=3603 current=packages/babel-plugin-transform-new-target/test/fixtures/exec/function-class.js
[2026-09-16T23:12:02Z] [iter=7] HEARTBEAT target_type=call_site elapsed_min=207.5 files_done=390 resolved=563 errors=3613 current=packages/babel-parser/test/fixtures/es2015/yield/yield-identifier-inside-async-call-inside-function-inside-params-of-generator/input.js
[2026-09-16T23:14:45Z] [iter=7] HEARTBEAT target_type=call_site elapsed_min=210.2 files_done=394 resolved=565 errors=3662 current=packages/babel-plugin-transform-runtime/test/fixtures/runtime/full/input.mjs
[2026-09-16T23:15:18Z] [iter=7] HEARTBEAT target_type=call_site elapsed_min=210.7 files_done=406 resolved=570 errors=3672 current=packages/babel-plugin-transform-modules-umd/test/fixtures/loose/get-module-name-option-compat/output.js
[2026-09-16T23:15:51Z] [iter=7] HEARTBEAT target_type=call_site elapsed_min=211.3 files_done=409 resolved=581 errors=3682 current=packages/babel-plugin-transform-modules-commonjs/test/fixtures/misc/import-const-throw/output.js
[2026-09-16T23:17:18Z] [iter=7] HEARTBEAT target_type=call_site elapsed_min=212.7 files_done=410 resolved=581 errors=3708 current=packages/babel-plugin-transform-spread/test/fixtures/spread/super-classes-plugin-before/output.js
[2026-09-16T23:18:30Z] [iter=7] HEARTBEAT target_type=call_site elapsed_min=213.9 files_done=414 resolved=584 errors=3730 current=packages/babel-core/test/async.js
[2026-09-16T23:19:47Z] [iter=7] HEARTBEAT target_type=call_site elapsed_min=215.2 files_done=415 resolved=584 errors=3753 current=packages/babel-plugin-proposal-class-properties/test/fixtures/public-loose/static-infer-name/exec.js
[2026-09-16T23:20:23Z] [iter=7] HEARTBEAT target_type=call_site elapsed_min=215.8 files_done=421 resolved=585 errors=3764 current=packages/babel-plugin-proposal-class-properties/test/fixtures/private-loose/reevaluated/input.js
[2026-09-16T23:21:09Z] [iter=7] HEARTBEAT target_type=call_site elapsed_min=216.6 files_done=422 resolved=585 errors=3778 current=packages/babel-plugin-bugfix-v8-spread-parameters-in-optional-chaining/test/fixtures/basic/class-private/input.mjs
[2026-09-16T23:21:56Z] [iter=7] HEARTBEAT target_type=call_site elapsed_min=217.4 files_done=425 resolved=593 errors=3792 current=packages/babel-parser/test/fixtures/esprima/statement-iteration/const_forin/input.js
[2026-09-16T23:24:43Z] [iter=7] HEARTBEAT target_type=call_site elapsed_min=220.2 files_done=429 resolved=610 errors=3842 current=packages/babel-preset-env/test/fixtures/.plugins-overlapping/chrome-50/output.js
[2026-09-16T23:25:16Z] [iter=7] HEARTBEAT target_type=call_site elapsed_min=220.7 files_done=430 resolved=612 errors=3852 current=packages/babel-plugin-transform-classes/test/fixtures/get-set-loose/get-semantics-setter-defined-on-parent/input.js
[2026-09-16T23:26:09Z] [iter=7] HEARTBEAT target_type=call_site elapsed_min=221.6 files_done=442 resolved=670 errors=3868 current=packages/babel-plugin-proposal-class-properties/test/fixtures/private/derived/exec.js
[2026-09-16T23:26:46Z] [iter=7] HEARTBEAT target_type=call_site elapsed_min=222.2 files_done=454 resolved=675 errors=3879 current=packages/babel-plugin-transform-async-to-generator/test/fixtures/async-to-generator/deeply-nested-asyncs/input.js
[2026-09-16T23:27:26Z] [iter=7] HEARTBEAT target_type=call_site elapsed_min=222.9 files_done=457 resolved=677 errors=3891 current=packages/babel-preset-env/test/fixtures/.plugins-overlapping/chrome-54/output.js
[2026-09-16T23:27:59Z] [iter=7] HEARTBEAT target_type=call_site elapsed_min=223.4 files_done=458 resolved=679 errors=3901 current=packages/babel-plugin-transform-block-scoping/test/fixtures/general/issue-8128-for-of-loose-after/exec.js
[2026-09-16T23:28:39Z] [iter=7] HEARTBEAT target_type=call_site elapsed_min=224.1 files_done=462 resolved=679 errors=3913 current=packages/babel-plugin-transform-modules-commonjs/test/fixtures/interop-loose/export-from/output.js
[2026-09-16T23:29:25Z] [iter=7] HEARTBEAT target_type=call_site elapsed_min=224.9 files_done=470 resolved=683 errors=3927 current=packages/babel-plugin-transform-classes/test/fixtures/get-set/call-semantics-data-defined-on-parent/exec.js
[2026-09-16T23:30:48Z] [iter=7] HEARTBEAT target_type=call_site elapsed_min=226.2 files_done=472 resolved=686 errors=3952 current=packages/babel-plugin-proposal-throw-expressions/test/fixtures/stupid-fixture-nesting-folder/await-in-argument/input.js
[2026-09-16T23:31:28Z] [iter=7] HEARTBEAT target_type=call_site elapsed_min=226.9 files_done=477 resolved=688 errors=3964 current=packages/babel-plugin-transform-react-jsx-development/test/fixtures/windows/classic-runtime-windows/output.js
[2026-09-16T23:32:31Z] [iter=7] HEARTBEAT target_type=call_site elapsed_min=228.0 files_done=483 resolved=704 errors=3983 current=packages/babel-plugin-proposal-class-properties/test/fixtures/private-loose/static-this/output.js
[2026-09-16T23:33:02Z] [iter=7] HEARTBEAT target_type=call_site elapsed_min=228.5 files_done=490 resolved=712 errors=3992 current=packages/babel-plugin-proposal-partial-application/test/fixtures/general/simple-call/exec.js
[2026-09-16T23:34:21Z] [iter=7] HEARTBEAT target_type=call_site elapsed_min=229.8 files_done=492 resolved=716 errors=4016 current=packages/babel-plugin-proposal-optional-catch-binding/test/fixtures/optional-catch-bindings/try-catch-finally-binding/input.js
[2026-09-16T23:34:54Z] [iter=7] HEARTBEAT target_type=call_site elapsed_min=230.3 files_done=497 resolved=722 errors=4026 current=packages/babel-plugin-proposal-class-properties/test/fixtures/private-loose/optional-chain-before-property/input.js
[2026-09-16T23:37:06Z] [iter=7] HEARTBEAT target_type=call_site elapsed_min=232.5 files_done=498 resolved=722 errors=4066 current=eslint/babel-eslint-tests/test/integration/eslint/config.js
[2026-09-16T23:37:39Z] [iter=7] HEARTBEAT target_type=call_site elapsed_min=233.1 files_done=499 resolved=722 errors=4076 current=packages/babel-plugin-proposal-object-rest-spread/test/fixtures/object-rest/object-ref-computed/output.js
[2026-09-16T23:37:39Z] [iter=7] CHECKPOINT TRIGGERED elapsed_min=233.1 files_completed=747 new_files_this_iter=500 mem_mb=2431 MB
[2026-09-16T23:37:39Z] [iter=7] Writing partial enrichment graph path=/home/runner/work/forx/forx/storage/aggregate/lsp/b2376757d7a42c6785b24091144ef7f00df7d436.nq.gz triples=224182
[2026-09-16T23:37:42Z] [iter=7] Checkpoint written, exiting with code 7
[2026-09-16T23:37:42Z] [iter=7] PHASE END: enrich (checkpointed) elapsed_s=13985 elapsed_min=233.1 files_completed=747
