[2026-09-17T00:26:29Z] === ENRICH ITERATION 8 START | repo=babel/babel sha=b2376757 ===
[2026-09-17T00:26:29Z] [iter=8] PHASE START: enrich repo=babel/babel sha=b2376757 runlog=/home/runner/work/forx/forx/storage/aggregate/lsp/logs/b2376757-enrich-iter-008.log output=/home/runner/work/forx/forx/storage/aggregate/lsp/b2376757d7a42c6785b24091144ef7f00df7d436.nq.gz
[2026-09-17T00:27:04Z] [iter=8] Step 1: Loading AST into disk-backed store mem_mb=85 MB
[2026-09-17T00:31:37Z] [iter=8] AST store loaded triples=11988611 load_secs=270 mem_mb=1042 MB
[2026-09-17T00:31:37Z] [iter=8] Step 2: Finding LSP targets mem_mb=1042 MB
[2026-09-17T00:31:56Z] [iter=8] LSP targets found call_sites=103880 imports=5877 extends=768 implements=3 secs=19
[2026-09-17T00:32:06Z] [iter=8] Loaded checkpoint partial graph triples=224182
[2026-09-17T00:32:18Z] [iter=8] Step 2.7: Building position index (one-shot, shared across resolvers) mem_mb=1050 MB
[2026-09-17T00:33:18Z] [iter=8] Position index built positions=800545 nodes_with_types=929189 secs=60 mem_mb=2460 MB
[2026-09-17T00:33:18Z] [iter=8] Step 3: Starting LSP resolution mem_mb=2460 MB already_completed_types=[] already_completed_files=747
[2026-09-17T00:33:18Z] [iter=8] Resolving target type target_type=call_site count=103880
[2026-09-17T00:33:20Z] [iter=8] HEARTBEAT target_type=call_site elapsed_min=6.9 files_done=0 resolved=0 errors=0 current=packages/babel-plugin-transform-object-super/test/fixtures/get-set/set-semantics-getter-defined-on-parent/input.js
[2026-09-17T00:35:42Z] [iter=8] HEARTBEAT target_type=call_site elapsed_min=9.2 files_done=7 resolved=5 errors=37 current=packages/babel-plugin-proposal-class-properties/test/fixtures/private-loose/destructuring-object-pattern-static/exec.js
[2026-09-17T00:36:17Z] [iter=8] HEARTBEAT target_type=call_site elapsed_min=9.8 files_done=17 resolved=11 errors=46 current=packages/babel-generator/test/fixtures/types/CallExpression/output.js
[2026-09-17T00:38:38Z] [iter=8] HEARTBEAT target_type=call_site elapsed_min=12.2 files_done=22 resolved=69 errors=83 current=packages/babel-plugin-proposal-class-static-block/test/fixtures/integration-loose/non-static/exec.js
[2026-09-17T00:39:51Z] [iter=8] HEARTBEAT target_type=call_site elapsed_min=13.4 files_done=30 resolved=72 errors=102 current=packages/babel-plugin-proposal-private-property-in-object/test/fixtures/private-loose/static-shadow/input.js
[2026-09-17T00:40:33Z] [iter=8] HEARTBEAT target_type=call_site elapsed_min=14.1 files_done=33 resolved=72 errors=113 current=packages/babel-plugin-transform-modules-systemjs/test/fixtures/systemjs/export-from-2/output.mjs
[2026-09-17T00:41:22Z] [iter=8] HEARTBEAT target_type=call_site elapsed_min=14.9 files_done=40 resolved=73 errors=126 current=packages/babel-plugin-transform-template-literals/test/fixtures/assumption-mutableTemplateObject/template-revision/input.js
[2026-09-17T00:42:06Z] [iter=8] HEARTBEAT target_type=call_site elapsed_min=15.6 files_done=56 resolved=86 errors=137 current=packages/babel-plugin-transform-classes/test/fixtures/get-set/set-semantics-data-defined-on-parent/input.js
[2026-09-17T00:47:18Z] [iter=8] HEARTBEAT target_type=call_site elapsed_min=20.8 files_done=59 resolved=88 errors=219 current=scripts/generators/tsconfig.js
[2026-09-17T00:47:48Z] [iter=8] HEARTBEAT target_type=call_site elapsed_min=21.3 files_done=62 resolved=94 errors=227 current=eslint/babel-eslint-parser/src/convert/index.cjs
[2026-09-17T00:48:38Z] [iter=8] HEARTBEAT target_type=call_site elapsed_min=22.2 files_done=66 resolved=100 errors=240 current=packages/babel-parser/test/fixtures/flow/arrows-in-ternaries/issue-58-failing-4/input.js
[2026-09-17T00:49:13Z] [iter=8] HEARTBEAT target_type=call_site elapsed_min=22.7 files_done=77 resolved=108 errors=249 current=packages/babel-plugin-transform-parameters/test/fixtures/parameters/let-no-init-for-init-same-as-param/exec.js
[2026-09-17T00:51:57Z] [iter=8] HEARTBEAT target_type=call_site elapsed_min=25.5 files_done=81 resolved=110 errors=292 current=packages/babel-plugin-proposal-private-methods/test/fixtures/private-static-method-privateFieldsAsProperties/generator/exec.js
[2026-09-17T00:54:42Z] [iter=8] HEARTBEAT target_type=call_site elapsed_min=28.2 files_done=84 resolved=110 errors=335 current=packages/babel-plugin-transform-typescript/test/fixtures/namespace/same-name/output.mjs
[2026-09-17T00:55:24Z] [iter=8] HEARTBEAT target_type=call_site elapsed_min=28.9 files_done=89 resolved=112 errors=346 current=packages/babel-plugin-transform-modules-commonjs/test/fixtures/assumption-constantReexports/export-from-3/output.js
[2026-09-17T00:57:26Z] [iter=8] HEARTBEAT target_type=call_site elapsed_min=31.0 files_done=92 resolved=113 errors=378 current=packages/babel-plugin-transform-classes/test/fixtures/get-set-loose/call-semantics-setter-defined-on-parent/exec.js
[2026-09-17T00:57:57Z] [iter=8] HEARTBEAT target_type=call_site elapsed_min=31.5 files_done=106 resolved=123 errors=386 current=packages/babel-generator/test/fixtures/parentheses/tagged-template-expression/output.js
[2026-09-17T00:58:27Z] [iter=8] HEARTBEAT target_type=call_site elapsed_min=32.0 files_done=110 resolved=125 errors=394 current=scripts/utils/formatCode.js
[2026-09-17T00:59:52Z] [iter=8] HEARTBEAT target_type=call_site elapsed_min=33.4 files_done=114 resolved=126 errors=416 current=packages/babel-plugin-transform-block-scoping/test/fixtures/const-violations/update-expression/exec.js
[2026-09-17T01:01:00Z] [iter=8] HEARTBEAT target_type=call_site elapsed_min=34.5 files_done=117 resolved=128 errors=434 current=packages/babel-plugin-proposal-private-property-in-object/test/fixtures/private-loose/static-accessor/output.js
[2026-09-17T01:01:35Z] [iter=8] HEARTBEAT target_type=call_site elapsed_min=35.1 files_done=122 resolved=136 errors=443 current=packages/babel-preset-env/test/fixtures/corejs3-babel-7/usage-all-proposals-chrome-71/output.mjs
[2026-09-17T01:02:21Z] [iter=8] HEARTBEAT target_type=call_site elapsed_min=35.9 files_done=126 resolved=139 errors=455 current=packages/babel-plugin-transform-modules-commonjs/test/fixtures/misc/import-shadowed-assign/output.js
[2026-09-17T01:02:55Z] [iter=8] HEARTBEAT target_type=call_site elapsed_min=36.4 files_done=135 resolved=149 errors=464 current=packages/babel-plugin-transform-async-to-generator/test/fixtures/async-to-generator/no-parameters-and-no-id/output.js
[2026-09-17T01:03:37Z] [iter=8] HEARTBEAT target_type=call_site elapsed_min=37.1 files_done=138 resolved=153 errors=475 current=packages/babel-core/test/fixtures/plugins/multiple-definition-evaluation/exec.js
[2026-09-17T01:04:08Z] [iter=8] HEARTBEAT target_type=call_site elapsed_min=37.7 files_done=142 resolved=155 errors=483 current=packages/babel-plugin-transform-runtime/test/fixtures/use-options/corejs-useES6Modules/output.mjs
[2026-09-17T01:04:46Z] [iter=8] HEARTBEAT target_type=call_site elapsed_min=38.3 files_done=143 resolved=157 errors=493 current=packages/babel-plugin-transform-for-of/test/fixtures/assumption-iterableIsArray/for-of-import-commonjs/input.mjs
[2026-09-17T01:05:24Z] [iter=8] HEARTBEAT target_type=call_site elapsed_min=38.9 files_done=147 resolved=160 errors=503 current=packages/babel-plugin-proposal-private-methods/test/fixtures/private-method-privateFieldsAsProperties/generator/exec.js
[2026-09-17T01:06:40Z] [iter=8] HEARTBEAT target_type=call_site elapsed_min=40.2 files_done=151 resolved=163 errors=523 current=packages/babel-preset-env/test/fixtures/corejs3-babel-7/entry-require/output.js
[2026-09-17T01:08:08Z] [iter=8] HEARTBEAT target_type=call_site elapsed_min=41.7 files_done=156 resolved=165 errors=546 current=packages/babel-plugin-transform-modules-systemjs/test/fixtures/import-meta/import-meta/output.mjs
[2026-09-17T01:08:50Z] [iter=8] HEARTBEAT target_type=call_site elapsed_min=42.4 files_done=161 resolved=166 errors=557 current=packages/babel-plugin-proposal-do-expressions/test/fixtures/do-expressions/await/exec.js
[2026-09-17T01:09:21Z] [iter=8] HEARTBEAT target_type=call_site elapsed_min=42.9 files_done=170 resolved=172 errors=565 current=packages/babel-plugin-proposal-object-rest-spread/test/fixtures/object-spread-loose/expression/output.js
[2026-09-17T01:10:03Z] [iter=8] HEARTBEAT target_type=call_site elapsed_min=43.6 files_done=174 resolved=173 errors=576 current=packages/babel-plugin-transform-react-jsx/test/fixtures/react-automatic/dont-coerce-expression-containers/output.mjs
[2026-09-17T01:10:34Z] [iter=8] HEARTBEAT target_type=call_site elapsed_min=44.1 files_done=188 resolved=177 errors=584 current=eslint/babel-eslint-plugin/src/rules/object-curly-spacing.js
[2026-09-17T01:11:05Z] [iter=8] HEARTBEAT target_type=call_site elapsed_min=44.6 files_done=195 resolved=181 errors=592 current=packages/babel-plugin-transform-regenerator/test/fixtures/variable-renaming/retain-lines/output.js
[2026-09-17T01:12:06Z] [iter=8] HEARTBEAT target_type=call_site elapsed_min=45.6 files_done=199 resolved=181 errors=608 current=packages/babel-preset-env/test/fixtures/.plugins-overlapping/chrome-49/output.js
[2026-09-17T01:12:53Z] [iter=8] HEARTBEAT target_type=call_site elapsed_min=46.4 files_done=203 resolved=189 errors=620 current=packages/babel-plugin-proposal-pipeline-operator/test/fixtures/hack-hash/pipe-body-with-await/exec.js
[2026-09-17T01:14:01Z] [iter=8] HEARTBEAT target_type=call_site elapsed_min=47.5 files_done=208 resolved=191 errors=638 current=benchmark/babel-parser/many-arrow-function-flow-types/bench.mjs
[2026-09-17T01:15:06Z] [iter=8] HEARTBEAT target_type=call_site elapsed_min=48.6 files_done=211 resolved=194 errors=655 current=packages/babel-plugin-proposal-class-properties/test/fixtures/private-loose/parenthesized-optional-member-call-with-transform/input.js
[2026-09-17T01:16:26Z] [iter=8] HEARTBEAT target_type=call_site elapsed_min=50.0 files_done=214 resolved=195 errors=676 current=packages/babel-plugin-transform-function-name/test/fixtures/function-name/class-method/output.js
[2026-09-17T01:17:17Z] [iter=8] HEARTBEAT target_type=call_site elapsed_min=50.8 files_done=219 resolved=200 errors=689 current=packages/babel-plugin-transform-classes/test/fixtures/regression/2694/output.js
[2026-09-17T01:18:03Z] [iter=8] HEARTBEAT target_type=call_site elapsed_min=51.6 files_done=229 resolved=219 errors=701 current=packages/babel-plugin-transform-destructuring/test/fixtures/destructuring/object-rest-impure-computed-keys/exec.js
[2026-09-17T01:18:35Z] [iter=8] HEARTBEAT target_type=call_site elapsed_min=52.1 files_done=231 resolved=219 errors=709 current=packages/babel-plugin-proposal-nullish-coalescing-operator/test/fixtures/nullish-coalescing/runtime-semantics/exec.js
[2026-09-17T01:19:09Z] [iter=8] HEARTBEAT target_type=call_site elapsed_min=52.7 files_done=236 resolved=222 errors=718 current=packages/babel-plugin-proposal-dynamic-import/test/fixtures/commonjs/no-interop/output.js
[2026-09-17T01:19:40Z] [iter=8] HEARTBEAT target_type=call_site elapsed_min=53.2 files_done=250 resolved=234 errors=726 current=packages/babel-parser/test/unit/tokenizer/types.js
[2026-09-17T01:20:11Z] [iter=8] HEARTBEAT target_type=call_site elapsed_min=53.7 files_done=261 resolved=254 errors=734 current=packages/babel-plugin-transform-named-capturing-groups-regex/test/fixtures/runtime/issue-10601/exec.js
[2026-09-17T01:21:35Z] [iter=8] HEARTBEAT target_type=call_site elapsed_min=55.1 files_done=265 resolved=269 errors=756 current=packages/babel-plugin-proposal-pipeline-operator/test/fixtures/smart/transform-await-and-arrow-functions/exec.js
[2026-09-17T01:22:17Z] [iter=8] HEARTBEAT target_type=call_site elapsed_min=55.8 files_done=267 resolved=270 errors=767 current=codemods/babel-plugin-codemod-optional-catch-binding/test/fixtures/codemod-optional-catch-binding/try-catch-finally-used-binding/input.js
[2026-09-17T01:22:52Z] [iter=8] HEARTBEAT target_type=call_site elapsed_min=56.4 files_done=280 resolved=281 errors=776 current=packages/babel-plugin-transform-classes/test/fixtures/spec/calling-super-properties/output.js
[2026-09-17T01:23:26Z] [iter=8] HEARTBEAT target_type=call_site elapsed_min=57.0 files_done=286 resolved=295 errors=785 current=packages/babel-plugin-transform-new-target/test/fixtures/exec/function.js
[2026-09-17T01:23:57Z] [iter=8] HEARTBEAT target_type=call_site elapsed_min=57.5 files_done=294 resolved=298 errors=793 current=packages/babel-plugin-transform-object-super/test/fixtures/get-set/set-semantics-setter-defined-on-parent/exec.js
[2026-09-17T01:24:31Z] [iter=8] HEARTBEAT target_type=call_site elapsed_min=58.0 files_done=299 resolved=307 errors=802 current=packages/babel-plugin-transform-spread/test/fixtures/spread/contexted-computed-method-call-multiple-args/input.js
[2026-09-17T01:26:08Z] [iter=8] HEARTBEAT target_type=call_site elapsed_min=59.7 files_done=306 resolved=308 errors=827 current=packages/babel-parser/test/fixtures/es2017/async-arrow/parenthesized-rest-array/input.js
[2026-09-17T01:27:10Z] [iter=8] HEARTBEAT target_type=call_site elapsed_min=60.7 files_done=311 resolved=313 errors=843 current=packages/babel-plugin-proposal-class-properties/test/fixtures/private/parenthesized-optional-member-call-with-transform/exec.js
[2026-09-17T01:27:41Z] [iter=8] HEARTBEAT target_type=call_site elapsed_min=61.2 files_done=316 resolved=318 errors=851 current=packages/babel-plugin-transform-react-jsx/test/fixtures/react-automatic/should-escape-xhtml-jsxtext-babel-7/output.mjs
[2026-09-17T01:28:15Z] [iter=8] HEARTBEAT target_type=call_site elapsed_min=61.8 files_done=317 resolved=318 errors=860 current=packages/babel-compat-data/corejs3-shipped-proposals.js
[2026-09-17T01:33:28Z] [iter=8] HEARTBEAT target_type=call_site elapsed_min=67.0 files_done=320 resolved=330 errors=942 current=packages/babel-plugin-proposal-private-property-in-object/test/fixtures/private/accessor/output.js
[2026-09-17T01:34:02Z] [iter=8] HEARTBEAT target_type=call_site elapsed_min=67.6 files_done=329 resolved=334 errors=951 current=packages/babel-plugin-transform-parameters/test/fixtures/parameters/rest-arrow-functions/output.js
[2026-09-17T01:34:36Z] [iter=8] HEARTBEAT target_type=call_site elapsed_min=68.1 files_done=332 resolved=340 errors=960 current=packages/babel-plugin-proposal-pipeline-operator/test/fixtures/smart/pipe-head-with-nested-pipe/exec.js
[2026-09-17T01:40:20Z] [iter=8] HEARTBEAT target_type=call_site elapsed_min=73.9 files_done=335 resolved=348 errors=1050 current=packages/babel-plugin-transform-block-scoping/test/fixtures/exec/switch-labeled-break.js
[2026-09-17T01:41:45Z] [iter=8] HEARTBEAT target_type=call_site elapsed_min=75.3 files_done=338 resolved=356 errors=1072 current=packages/babel-preset-env/test/fixtures/corejs2-babel-7/entry-chrome-66/input.mjs
[2026-09-17T01:42:27Z] [iter=8] HEARTBEAT target_type=call_site elapsed_min=76.0 files_done=342 resolved=361 errors=1083 current=packages/babel-runtime/helpers/toArray.js
[2026-09-17T01:43:05Z] [iter=8] HEARTBEAT target_type=call_site elapsed_min=76.6 files_done=344 resolved=361 errors=1093 current=packages/babel-plugin-transform-arrow-functions/test/fixtures/assumption-newableArrowFunctions-false/self-referential/output.js
[2026-09-17T01:43:41Z] [iter=8] HEARTBEAT target_type=call_site elapsed_min=77.2 files_done=349 resolved=367 errors=1102 current=packages/babel-plugin-transform-classes/test/fixtures/spec/instance-getter-and-setter/output.js
[2026-09-17T01:44:15Z] [iter=8] HEARTBEAT target_type=call_site elapsed_min=77.8 files_done=352 resolved=367 errors=1111 current=packages/babel-parser/test/options.js
[2026-09-17T01:44:46Z] [iter=8] HEARTBEAT target_type=call_site elapsed_min=78.3 files_done=353 resolved=367 errors=1119 current=packages/babel-plugin-proposal-json-strings/test/fixtures/json-strings/string-line-separator/exec.js
[2026-09-17T01:45:21Z] [iter=8] HEARTBEAT target_type=call_site elapsed_min=78.9 files_done=355 resolved=367 errors=1128 current=packages/babel-plugin-proposal-decorators/test/fixtures/transformation/initialize-after-super-statement/output.js
[2026-09-17T01:48:24Z] [iter=8] HEARTBEAT target_type=call_site elapsed_min=81.9 files_done=359 resolved=367 errors=1176 current=packages/babel-plugin-proposal-optional-chaining/test/fixtures/general/memoize/output.js
[2026-09-17T01:50:18Z] [iter=8] HEARTBEAT target_type=call_site elapsed_min=83.8 files_done=364 resolved=367 errors=1206 current=packages/babel-plugin-transform-named-capturing-groups-regex/test/fixtures/wrapper/basic/output.js
[2026-09-17T01:51:19Z] [iter=8] HEARTBEAT target_type=call_site elapsed_min=84.8 files_done=367 resolved=389 errors=1222 current=packages/babel-plugin-transform-computed-properties/test/fixtures/spec/mixed/output.js
[2026-09-17T01:51:53Z] [iter=8] HEARTBEAT target_type=call_site elapsed_min=85.4 files_done=370 resolved=391 errors=1231 current=packages/babel-plugin-transform-modules-umd/test/fixtures/loose/imports/output.js
[2026-09-17T01:52:58Z] [iter=8] HEARTBEAT target_type=call_site elapsed_min=86.5 files_done=375 resolved=391 errors=1248 current=packages/babel-plugin-proposal-record-and-tuple/test/fixtures/syntax/bar/output.js
[2026-09-17T01:53:40Z] [iter=8] HEARTBEAT target_type=call_site elapsed_min=87.2 files_done=378 resolved=392 errors=1259 current=packages/babel-plugin-proposal-private-methods/test/fixtures/accessors/set-only-getter/output.js
[2026-09-17T01:54:45Z] [iter=8] HEARTBEAT target_type=call_site elapsed_min=88.3 files_done=381 resolved=392 errors=1276 current=packages/babel-plugin-transform-for-of/test/fixtures/assumption-arrayLikeIsIterable/simple/input.js
[2026-09-17T01:55:27Z] [iter=8] HEARTBEAT target_type=call_site elapsed_min=89.0 files_done=392 resolved=407 errors=1287 current=packages/babel-plugin-proposal-pipeline-operator/test/fixtures/hack-percent/hash-tuple/output.js
[2026-09-17T01:58:03Z] [iter=8] HEARTBEAT target_type=call_site elapsed_min=91.6 files_done=394 resolved=407 errors=1328 current=packages/babel-plugin-proposal-do-expressions/test/fixtures/do-expressions/yield/exec.js
[2026-09-17T01:58:34Z] [iter=8] HEARTBEAT target_type=call_site elapsed_min=92.1 files_done=401 resolved=411 errors=1336 current=packages/babel-plugin-proposal-partial-application/test/fixtures/general/from-right/output.js
[2026-09-17T01:59:21Z] [iter=8] HEARTBEAT target_type=call_site elapsed_min=92.9 files_done=412 resolved=421 errors=1348 current=packages/babel-plugin-proposal-class-properties/test/fixtures/private-loose/optional-chain-in-function-param-with-transform/input.js
[2026-09-17T02:00:22Z] [iter=8] HEARTBEAT target_type=call_site elapsed_min=93.9 files_done=413 resolved=421 errors=1364 current=eslint/babel-eslint-plugin/src/rules/new-cap.js
[2026-09-17T02:01:58Z] [iter=8] HEARTBEAT target_type=call_site elapsed_min=95.5 files_done=416 resolved=421 errors=1389 current=codemods/babel-plugin-codemod-optional-catch-binding/test/fixtures/codemod-optional-catch-binding/try-catch-block-used-object-pattern-binding/input.js
[2026-09-17T02:02:43Z] [iter=8] HEARTBEAT target_type=call_site elapsed_min=96.2 files_done=420 resolved=422 errors=1401 current=packages/babel-plugin-transform-spread/test/fixtures/regression/T6761/output.js
[2026-09-17T02:04:11Z] [iter=8] HEARTBEAT target_type=call_site elapsed_min=97.7 files_done=426 resolved=425 errors=1424 current=packages/babel-plugin-transform-classes/test/fixtures/spec/this-not-allowed-before-super-in-derived-classes-3/output.js
[2026-09-17T02:05:01Z] [iter=8] HEARTBEAT target_type=call_site elapsed_min=98.5 files_done=434 resolved=427 errors=1437 current=packages/babel-parser/test/fixtures/es2015/identifiers/invalid-escape-seq-if/input.js
[2026-09-17T02:05:32Z] [iter=8] HEARTBEAT target_type=call_site elapsed_min=99.1 files_done=438 resolved=428 errors=1445 current=eslint/babel-eslint-plugin-development-internal/test/rules/dry-error-messages.js
[2026-09-17T02:06:03Z] [iter=8] HEARTBEAT target_type=call_site elapsed_min=99.6 files_done=450 resolved=433 errors=1453 current=packages/babel-parser/test/fixtures/estree/typescript/import/input.js
[2026-09-17T02:07:04Z] [iter=8] HEARTBEAT target_type=call_site elapsed_min=100.6 files_done=455 resolved=435 errors=1469 current=packages/babel-plugin-transform-block-scoping/test/fixtures/tdz/self-reference/exec.js
[2026-09-17T02:07:40Z] [iter=8] HEARTBEAT target_type=call_site elapsed_min=101.2 files_done=467 resolved=449 errors=1478 current=packages/babel-plugin-transform-react-jsx/test/fixtures/react/honor-custom-jsx-comment-if-jsx-pragma-option-set/input.js
[2026-09-17T02:08:11Z] [iter=8] HEARTBEAT target_type=call_site elapsed_min=101.7 files_done=473 resolved=451 errors=1486 current=packages/babel-plugin-transform-classes/test/fixtures/spec/nested-class-super-property-in-key/exec.js
[2026-09-17T02:08:57Z] [iter=8] HEARTBEAT target_type=call_site elapsed_min=102.5 files_done=485 resolved=473 errors=1498 current=packages/babel-plugin-proposal-dynamic-import/test/fixtures/commonjs/exec-interop/exec.js
[2026-09-17T02:09:56Z] [iter=8] HEARTBEAT target_type=call_site elapsed_min=103.5 files_done=490 resolved=476 errors=1513 current=packages/babel-plugin-transform-modules-umd/test/fixtures/loose/export-named-3/output.js
[2026-09-17T02:11:12Z] [iter=8] HEARTBEAT target_type=call_site elapsed_min=104.7 files_done=494 resolved=476 errors=1533 current=packages/babel-plugin-transform-async-to-generator/test/fixtures/async-to-generator/shadowed-promise-nested/output.js
[2026-09-17T02:11:58Z] [iter=8] HEARTBEAT target_type=call_site elapsed_min=105.5 files_done=499 resolved=481 errors=1545 current=packages/babel-plugin-transform-block-scoping/test/fixtures/general/loop-initializer-default/input.js
[2026-09-17T02:11:58Z] [iter=8] CHECKPOINT TRIGGERED elapsed_min=105.5 files_completed=1247 new_files_this_iter=500 mem_mb=2489 MB
[2026-09-17T02:11:58Z] [iter=8] Writing partial enrichment graph path=/home/runner/work/forx/forx/storage/aggregate/lsp/b2376757d7a42c6785b24091144ef7f00df7d436.nq.gz triples=239412
[2026-09-17T02:12:02Z] [iter=8] Checkpoint written, exiting with code 7
[2026-09-17T02:12:02Z] [iter=8] PHASE END: enrich (checkpointed) elapsed_s=6329 elapsed_min=105.5 files_completed=1247
