[2026-09-17T04:08:47Z] === ENRICH ITERATION 10 START | repo=babel/babel sha=b2376757 ===
[2026-09-17T04:08:47Z] [iter=10] PHASE START: enrich repo=babel/babel sha=b2376757 runlog=/home/runner/work/forx/forx/storage/aggregate/lsp/logs/b2376757-enrich-iter-010.log output=/home/runner/work/forx/forx/storage/aggregate/lsp/b2376757d7a42c6785b24091144ef7f00df7d436.nq.gz
[2026-09-17T04:09:24Z] [iter=10] Step 1: Loading AST into disk-backed store mem_mb=86 MB
[2026-09-17T04:12:48Z] [iter=10] AST store loaded triples=11988611 load_secs=201 mem_mb=1123 MB
[2026-09-17T04:12:48Z] [iter=10] Step 2: Finding LSP targets mem_mb=1123 MB
[2026-09-17T04:13:06Z] [iter=10] LSP targets found call_sites=103880 imports=5877 extends=768 implements=3 secs=17
[2026-09-17T04:13:15Z] [iter=10] Loaded checkpoint partial graph triples=249984
[2026-09-17T04:13:26Z] [iter=10] Step 2.7: Building position index (one-shot, shared across resolvers) mem_mb=1211 MB
[2026-09-17T04:14:19Z] [iter=10] Position index built positions=800545 nodes_with_types=929189 secs=53 mem_mb=2621 MB
[2026-09-17T04:14:19Z] [iter=10] Step 3: Starting LSP resolution mem_mb=2621 MB already_completed_types=[] already_completed_files=1747
[2026-09-17T04:14:19Z] [iter=10] Resolving target type target_type=call_site count=103880
[2026-09-17T04:14:21Z] [iter=10] HEARTBEAT target_type=call_site elapsed_min=5.6 files_done=0 resolved=0 errors=0 current=packages/babel-plugin-proposal-optional-chaining/test/fixtures/general/memoize-loose/output.js
[2026-09-17T04:14:57Z] [iter=10] HEARTBEAT target_type=call_site elapsed_min=6.2 files_done=3 resolved=2 errors=9 current=packages/babel-preset-env/test/fixtures/preset-options-babel-7/esmodules-async-functions/output.mjs
[2026-09-17T04:16:39Z] [iter=10] HEARTBEAT target_type=call_site elapsed_min=7.9 files_done=11 resolved=13 errors=35 current=packages/babel-plugin-transform-classes/test/fixtures/loose/super-class/output.js
[2026-09-17T04:18:09Z] [iter=10] HEARTBEAT target_type=call_site elapsed_min=9.4 files_done=17 resolved=15 errors=58 current=packages/babel-preset-env/test/fixtures/corejs2/usage-evaluated-not-confident/output.mjs
[2026-09-17T04:19:08Z] [iter=10] HEARTBEAT target_type=call_site elapsed_min=10.4 files_done=25 resolved=18 errors=73 current=packages/babel-plugin-proposal-class-properties/test/fixtures/private-loose/destructuring-object-pattern-1/exec.js
[2026-09-17T04:19:44Z] [iter=10] HEARTBEAT target_type=call_site elapsed_min=10.9 files_done=27 resolved=18 errors=82 current=packages/babel-types/scripts/utils/stringifyValidator.js
[2026-09-17T04:20:15Z] [iter=10] HEARTBEAT target_type=call_site elapsed_min=11.5 files_done=32 resolved=23 errors=90 current=packages/babel-plugin-proposal-do-expressions/test/fixtures/do-expression-switch-case/multi-consequent-multiblock/exec.js
[2026-09-17T04:20:46Z] [iter=10] HEARTBEAT target_type=call_site elapsed_min=12.0 files_done=38 resolved=25 errors=98 current=packages/babel-preset-env/test/fixtures/debug-babel-7/usage-corejs3-shippedProposals-1/input.js
[2026-09-17T04:21:17Z] [iter=10] HEARTBEAT target_type=call_site elapsed_min=12.5 files_done=48 resolved=30 errors=106 current=packages/babel-plugin-transform-block-scoping/test/fixtures/tdz/block-ref-function-call/exec.js
[2026-09-17T04:22:12Z] [iter=10] HEARTBEAT target_type=call_site elapsed_min=13.4 files_done=55 resolved=37 errors=120 current=packages/babel-plugin-transform-react-constant-elements/test/fixtures/constant-elements/dont-hoist-before-declaration/output.js
[2026-09-17T04:22:51Z] [iter=10] HEARTBEAT target_type=call_site elapsed_min=14.1 files_done=60 resolved=41 errors=130 current=packages/babel-preset-env/test/fixtures/dynamic-import/modules-amd/output.js
[2026-09-17T04:23:22Z] [iter=10] HEARTBEAT target_type=call_site elapsed_min=14.6 files_done=67 resolved=49 errors=138 current=packages/babel-plugin-transform-object-super/test/fixtures/object-super/super-increment-prefix/input.js
[2026-09-17T04:24:02Z] [iter=10] HEARTBEAT target_type=call_site elapsed_min=15.3 files_done=76 resolved=55 errors=148 current=packages/babel-plugin-transform-react-inline-elements/test/fixtures/inline-elements/lowercase-member-expression/output.js
[2026-09-17T04:24:37Z] [iter=10] HEARTBEAT target_type=call_site elapsed_min=15.8 files_done=83 resolved=55 errors=157 current=packages/babel-plugin-proposal-private-methods/test/fixtures/private-method-loose/context/output.js
[2026-09-17T04:25:16Z] [iter=10] HEARTBEAT target_type=call_site elapsed_min=16.5 files_done=94 resolved=59 errors=167 current=packages/babel-preset-env/test/fixtures/corejs3/usage-promise-all/input.mjs
[2026-09-17T04:25:47Z] [iter=10] HEARTBEAT target_type=call_site elapsed_min=17.0 files_done=102 resolved=64 errors=175 current=packages/babel-plugin-proposal-optional-catch-binding/test/fixtures/optional-catch-bindings/exec.js
[2026-09-17T04:26:41Z] [iter=10] HEARTBEAT target_type=call_site elapsed_min=17.9 files_done=113 resolved=69 errors=189 current=packages/babel-plugin-proposal-optional-chaining/test/fixtures/general/optional-eval-call-loose/input.js
[2026-09-17T04:27:12Z] [iter=10] HEARTBEAT target_type=call_site elapsed_min=18.4 files_done=120 resolved=78 errors=197 current=packages/babel-plugin-proposal-class-properties/test/fixtures/public-loose/regression-T2983/output.mjs
[2026-09-17T04:28:18Z] [iter=10] HEARTBEAT target_type=call_site elapsed_min=19.5 files_done=123 resolved=79 errors=214 current=packages/babel-plugin-proposal-throw-expressions/test/fixtures/stupid-fixture-nesting-folder/arguments-in-argument/output.js
[2026-09-17T04:28:50Z] [iter=10] HEARTBEAT target_type=call_site elapsed_min=20.0 files_done=132 resolved=85 errors=222 current=packages/babel-plugin-proposal-class-static-block/test/fixtures/integration-loose/private-elements-access/exec.js
[2026-09-17T04:29:26Z] [iter=10] HEARTBEAT target_type=call_site elapsed_min=20.7 files_done=144 resolved=87 errors=231 current=packages/babel-plugin-transform-named-capturing-groups-regex/test/fixtures/wrapper/skips-anonymous-capturing-groups/input.js
[2026-09-17T04:29:57Z] [iter=10] HEARTBEAT target_type=call_site elapsed_min=21.2 files_done=149 resolved=89 errors=239 current=packages/babel-plugin-proposal-pipeline-operator/test/fixtures/hack-hash/pipe-body-with-class-expression-and-private-properties/output.js
[2026-09-17T04:30:30Z] [iter=10] HEARTBEAT target_type=call_site elapsed_min=21.7 files_done=159 resolved=92 errors=247 current=packages/babel-plugin-proposal-decorators/test/fixtures/legacy-class-ordering/reverse-order/exec.js
[2026-09-17T04:31:12Z] [iter=10] HEARTBEAT target_type=call_site elapsed_min=22.4 files_done=160 resolved=92 errors=258 current=packages/babel-plugin-transform-classes/test/fixtures/extend-builtins/wrap-native-super/exec.js
[2026-09-17T04:31:43Z] [iter=10] HEARTBEAT target_type=call_site elapsed_min=22.9 files_done=169 resolved=97 errors=266 current=packages/babel-plugin-transform-modules-amd/test/fixtures/loose/export-default-3/output.js
[2026-09-17T04:32:18Z] [iter=10] HEARTBEAT target_type=call_site elapsed_min=23.5 files_done=180 resolved=111 errors=275 current=packages/babel-parser/test/fixtures/experimental/template-literal-invalid-escapes-tagged/20/input.js
[2026-09-17T04:32:49Z] [iter=10] HEARTBEAT target_type=call_site elapsed_min=24.0 files_done=188 resolved=112 errors=283 current=packages/babel-plugin-proposal-class-properties/test/fixtures/private/optional-chain-in-function-param-with-transform/input.js
[2026-09-17T04:33:51Z] [iter=10] HEARTBEAT target_type=call_site elapsed_min=25.1 files_done=189 resolved=112 errors=299 current=eslint/babel-eslint-parser/src/parse.cjs
[2026-09-17T04:34:26Z] [iter=10] HEARTBEAT target_type=call_site elapsed_min=25.7 files_done=190 resolved=112 errors=308 current=packages/babel-plugin-transform-modules-umd/test/fixtures/umd/override-import-name/output.js
[2026-09-17T04:35:52Z] [iter=10] HEARTBEAT target_type=call_site elapsed_min=27.1 files_done=196 resolved=114 errors=330 current=packages/babel-types/scripts/generators/constants.js
[2026-09-17T04:36:27Z] [iter=10] HEARTBEAT target_type=call_site elapsed_min=27.7 files_done=205 resolved=126 errors=339 current=packages/babel-plugin-transform-classes/test/fixtures/get-set-loose/get-semantics-not-defined-on-parent/output.js
[2026-09-17T04:37:06Z] [iter=10] HEARTBEAT target_type=call_site elapsed_min=28.3 files_done=213 resolved=130 errors=349 current=packages/babel-plugin-transform-react-display-name/test/fixtures/display-name/variable-declarator/input.js
[2026-09-17T04:37:37Z] [iter=10] HEARTBEAT target_type=call_site elapsed_min=28.8 files_done=223 resolved=135 errors=357 current=packages/babel-preset-env/test/fixtures/shipped-proposals/new-class-features-chrome-91/input.js
[2026-09-17T04:38:08Z] [iter=10] HEARTBEAT target_type=call_site elapsed_min=29.4 files_done=237 resolved=144 errors=365 current=packages/babel-plugin-proposal-async-generator-functions/test/fixtures/for-await/async-function-no-transform/output.js
[2026-09-17T04:38:38Z] [iter=10] HEARTBEAT target_type=call_site elapsed_min=29.9 files_done=251 resolved=152 errors=372 current=packages/babel-plugin-transform-classes/test/fixtures/get-set-loose/get-semantics-getter-defined-on-parent/exec.js
[2026-09-17T04:39:09Z] [iter=10] HEARTBEAT target_type=call_site elapsed_min=30.4 files_done=256 resolved=153 errors=380 current=packages/babel-plugin-transform-async-to-generator/test/fixtures/async-to-generator/async/input.js
[2026-09-17T04:39:40Z] [iter=10] HEARTBEAT target_type=call_site elapsed_min=30.9 files_done=265 resolved=176 errors=388 current=packages/babel-plugin-transform-object-super/test/fixtures/get-set/set-semantics-not-defined-on-parent-data-non-writable-on-obj/exec.js
[2026-09-17T04:40:11Z] [iter=10] HEARTBEAT target_type=call_site elapsed_min=31.4 files_done=278 resolved=186 errors=396 current=packages/babel-plugin-transform-proto-to-assign/test/fixtures/proto-to-assign/assignment-expression/output.js
[2026-09-17T04:40:44Z] [iter=10] HEARTBEAT target_type=call_site elapsed_min=31.9 files_done=287 resolved=197 errors=404 current=packages/babel-plugin-transform-block-scoping/test/fixtures/tdz/function-call-before/input.js
[2026-09-17T04:41:15Z] [iter=10] HEARTBEAT target_type=call_site elapsed_min=32.5 files_done=295 resolved=208 errors=412 current=packages/babel-generator/test/fixtures/types/MemberExpression/output.js
[2026-09-17T04:41:50Z] [iter=10] HEARTBEAT target_type=call_site elapsed_min=33.1 files_done=302 resolved=219 errors=421 current=packages/babel-plugin-proposal-async-generator-functions/test/fixtures/for-await/step-single-tick/exec.js
[2026-09-17T04:42:21Z] [iter=10] HEARTBEAT target_type=call_site elapsed_min=33.6 files_done=306 resolved=221 errors=429 current=packages/babel-parser/test/fixtures/esprima/expression-left-hand-side/migrated_0008/input.js
[2026-09-17T04:42:52Z] [iter=10] HEARTBEAT target_type=call_site elapsed_min=34.1 files_done=317 resolved=224 errors=437 current=packages/babel-plugin-transform-runtime/test/fixtures/runtime-corejs2/instance-computed/input.js
[2026-09-17T04:43:35Z] [iter=10] HEARTBEAT target_type=call_site elapsed_min=34.8 files_done=324 resolved=227 errors=448 current=packages/babel-plugin-transform-for-of/test/fixtures/assumption-arrayLikeIsIterable/length-cropped/exec.js
[2026-09-17T04:44:11Z] [iter=10] HEARTBEAT target_type=call_site elapsed_min=35.4 files_done=337 resolved=237 errors=457 current=packages/babel-plugin-transform-regenerator/test/fixtures/function-sent/example/exec.js
[2026-09-17T04:44:50Z] [iter=10] HEARTBEAT target_type=call_site elapsed_min=36.1 files_done=340 resolved=239 errors=467 current=packages/babel-plugin-transform-function-name/test/fixtures/function-name/modules/input.mjs
[2026-09-17T04:45:21Z] [iter=10] HEARTBEAT target_type=call_site elapsed_min=36.6 files_done=349 resolved=240 errors=475 current=packages/babel-plugin-proposal-optional-chaining/test/fixtures/general/memoize/input.js
[2026-09-17T04:45:52Z] [iter=10] HEARTBEAT target_type=call_site elapsed_min=37.1 files_done=350 resolved=240 errors=483 current=packages/babel-plugin-proposal-pipeline-operator/test/fixtures/minimal/basic/output.js
[2026-09-17T04:46:36Z] [iter=10] HEARTBEAT target_type=call_site elapsed_min=37.8 files_done=355 resolved=242 errors=494 current=packages/babel-plugin-proposal-pipeline-operator/test/fixtures/hack-hash/pipe-body-with-arrow-function-and-nested-pipe/output.js
[2026-09-17T04:47:11Z] [iter=10] HEARTBEAT target_type=call_site elapsed_min=38.4 files_done=364 resolved=249 errors=503 current=packages/babel-core/test/fixtures/async/plugin-post/plugin.js
[2026-09-17T04:47:43Z] [iter=10] HEARTBEAT target_type=call_site elapsed_min=38.9 files_done=372 resolved=252 errors=511 current=packages/babel-plugin-proposal-class-properties/test/fixtures/assumption-setPublicClassFields/instance-computed/exec.js
[2026-09-17T04:48:30Z] [iter=10] HEARTBEAT target_type=call_site elapsed_min=39.7 files_done=380 resolved=255 errors=523 current=packages/babel-plugin-transform-react-jsx/test/fixtures/react/arrow-functions/output.js
[2026-09-17T04:49:01Z] [iter=10] HEARTBEAT target_type=call_site elapsed_min=40.2 files_done=393 resolved=266 errors=531 current=packages/babel-plugin-proposal-pipeline-operator/test/fixtures/hack-percent/pipe-head-with-nested-pipe/input.js
[2026-09-17T04:49:40Z] [iter=10] HEARTBEAT target_type=call_site elapsed_min=40.9 files_done=406 resolved=275 errors=541 current=packages/babel-plugin-transform-react-constant-elements/test/fixtures/integration/issue-7610-babel-7/output.js
[2026-09-17T04:50:11Z] [iter=10] HEARTBEAT target_type=call_site elapsed_min=41.4 files_done=413 resolved=280 errors=549 current=packages/babel-plugin-proposal-pipeline-operator/test/fixtures/hack-percent/while-statement-with-pipe-in-condition/input.js
[2026-09-17T04:50:44Z] [iter=10] HEARTBEAT target_type=call_site elapsed_min=42.0 files_done=431 resolved=286 errors=557 current=packages/babel-plugin-proposal-optional-chaining/test/fixtures/assumption-noDocumentAll/memoize/output.js
[2026-09-17T04:51:15Z] [iter=10] HEARTBEAT target_type=call_site elapsed_min=42.5 files_done=434 resolved=286 errors=565 current=packages/babel-plugin-transform-modules-amd/test/fixtures/assumption-constantReexports/export-from-2/output.js
[2026-09-17T04:51:50Z] [iter=10] HEARTBEAT target_type=call_site elapsed_min=43.1 files_done=440 resolved=289 errors=574 current=packages/babel-plugin-proposal-do-expressions/test/fixtures/do-expression-switch-case/fallthrough-last/exec.js
[2026-09-17T04:52:25Z] [iter=10] HEARTBEAT target_type=call_site elapsed_min=43.6 files_done=442 resolved=290 errors=583 current=eslint/babel-eslint-plugin-development/src/rules/no-undefined-identifier.js
[2026-09-17T04:52:57Z] [iter=10] HEARTBEAT target_type=call_site elapsed_min=44.2 files_done=451 resolved=293 errors=591 current=packages/babel-plugin-transform-flow-strip-types/test/fixtures/regression/transformed-class-method-loose-return-type-annotation/output.js
[2026-09-17T04:53:29Z] [iter=10] HEARTBEAT target_type=call_site elapsed_min=44.7 files_done=463 resolved=297 errors=599 current=packages/babel-preset-env/test/fixtures/corejs2-babel-7/entry-chrome-71/input.mjs
[2026-09-17T04:54:04Z] [iter=10] HEARTBEAT target_type=call_site elapsed_min=45.3 files_done=477 resolved=306 errors=608 current=packages/babel-plugin-proposal-private-methods/test/fixtures/private-static-method-privateFieldsAsProperties/reassignment/exec.js
[2026-09-17T04:54:39Z] [iter=10] HEARTBEAT target_type=call_site elapsed_min=45.9 files_done=485 resolved=320 errors=617 current=test/runtime-integration/generate-absolute-runtime.cjs
[2026-09-17T04:55:18Z] [iter=10] HEARTBEAT target_type=call_site elapsed_min=46.5 files_done=486 resolved=320 errors=627 current=packages/babel-plugin-transform-classes/test/fixtures/spec/this-not-allowed-before-super-in-derived-classes-2/exec.js
[2026-09-17T04:55:41Z] [iter=10] CHECKPOINT TRIGGERED elapsed_min=46.9 files_completed=2247 new_files_this_iter=500 mem_mb=2640 MB
[2026-09-17T04:55:41Z] [iter=10] Writing partial enrichment graph path=/home/runner/work/forx/forx/storage/aggregate/lsp/b2376757d7a42c6785b24091144ef7f00df7d436.nq.gz triples=258342
[2026-09-17T04:55:45Z] [iter=10] Checkpoint written, exiting with code 7
[2026-09-17T04:55:45Z] [iter=10] PHASE END: enrich (checkpointed) elapsed_s=2814 elapsed_min=46.9 files_completed=2247
