[2026-09-17T02:14:44Z] === ENRICH ITERATION 9 START | repo=babel/babel sha=b2376757 ===
[2026-09-17T02:14:44Z] [iter=9] PHASE START: enrich repo=babel/babel sha=b2376757 runlog=/home/runner/work/forx/forx/storage/aggregate/lsp/logs/b2376757-enrich-iter-009.log output=/home/runner/work/forx/forx/storage/aggregate/lsp/b2376757d7a42c6785b24091144ef7f00df7d436.nq.gz
[2026-09-17T02:15:16Z] [iter=9] Step 1: Loading AST into disk-backed store mem_mb=85 MB
[2026-09-17T02:17:37Z] [iter=9] AST store loaded triples=11988611 load_secs=136 mem_mb=1138 MB
[2026-09-17T02:17:37Z] [iter=9] Step 2: Finding LSP targets mem_mb=1138 MB
[2026-09-17T02:18:02Z] [iter=9] LSP targets found call_sites=103880 imports=5877 extends=768 implements=3 secs=25
[2026-09-17T02:18:14Z] [iter=9] Loaded checkpoint partial graph triples=239412
[2026-09-17T02:18:28Z] [iter=9] Step 2.7: Building position index (one-shot, shared across resolvers) mem_mb=1138 MB
[2026-09-17T02:19:53Z] [iter=9] Position index built positions=800545 nodes_with_types=929189 secs=85 mem_mb=2470 MB
[2026-09-17T02:19:53Z] [iter=9] Step 3: Starting LSP resolution mem_mb=2470 MB already_completed_types=[] already_completed_files=1247
[2026-09-17T02:19:53Z] [iter=9] Resolving target type target_type=call_site count=103880
[2026-09-17T02:19:59Z] [iter=9] HEARTBEAT target_type=call_site elapsed_min=5.3 files_done=0 resolved=0 errors=0 current=packages/babel-plugin-proposal-class-properties/test/fixtures/private-loose/nested-class-extends-computed-redeclared/exec.js
[2026-09-17T02:22:30Z] [iter=9] HEARTBEAT target_type=call_site elapsed_min=7.8 files_done=2 resolved=1 errors=30 current=packages/babel-plugin-transform-async-to-generator/test/fixtures/async-to-generator/statement/input.js
[2026-09-17T02:24:15Z] [iter=9] HEARTBEAT target_type=call_site elapsed_min=9.5 files_done=12 resolved=5 errors=51 current=packages/babel-plugin-proposal-private-methods/test/fixtures/static-accessors-privateFieldsAsProperties/updates/output.js
[2026-09-17T02:25:30Z] [iter=9] HEARTBEAT target_type=call_site elapsed_min=10.8 files_done=15 resolved=28 errors=66 current=packages/babel-parser/test/fixtures/core/uncategorised/393/input.js
[2026-09-17T02:26:02Z] [iter=9] HEARTBEAT target_type=call_site elapsed_min=11.3 files_done=23 resolved=31 errors=72 current=packages/babel-plugin-proposal-class-properties/test/fixtures/public-loose/regression-T7364/output.mjs
[2026-09-17T02:26:37Z] [iter=9] HEARTBEAT target_type=call_site elapsed_min=11.9 files_done=27 resolved=35 errors=79 current=benchmark/babel-generator/many-identifiers/25-length.mjs
[2026-09-17T02:27:18Z] [iter=9] HEARTBEAT target_type=call_site elapsed_min=12.6 files_done=28 resolved=35 errors=87 current=packages/babel-generator/test/fixtures/flow/this-param/output.js
[2026-09-17T02:27:53Z] [iter=9] HEARTBEAT target_type=call_site elapsed_min=13.2 files_done=29 resolved=35 errors=94 current=packages/babel-parser/test/fixtures/estree/optional-chaining/optional-call-chained-call/input.js
[2026-09-17T02:28:35Z] [iter=9] HEARTBEAT target_type=call_site elapsed_min=13.9 files_done=32 resolved=49 errors=102 current=packages/babel-plugin-transform-classes/test/fixtures/get-set/call-semantics-getter-defined-on-parent/input.js
[2026-09-17T02:29:11Z] [iter=9] HEARTBEAT target_type=call_site elapsed_min=14.5 files_done=35 resolved=50 errors=109 current=packages/babel-plugin-transform-for-of/test/fixtures/assumption-skipForOfIteratorClosing/member-expression/output.js
[2026-09-17T02:30:00Z] [iter=9] HEARTBEAT target_type=call_site elapsed_min=15.3 files_done=37 resolved=50 errors=119 current=packages/babel-plugin-proposal-object-rest-spread/test/fixtures/assumption-setSpreadProperties/expression/output.js
[2026-09-17T02:30:45Z] [iter=9] HEARTBEAT target_type=call_site elapsed_min=16.0 files_done=39 resolved=50 errors=128 current=packages/babel-plugin-transform-object-super/src/index.js
[2026-09-17T02:31:35Z] [iter=9] HEARTBEAT target_type=call_site elapsed_min=16.9 files_done=45 resolved=55 errors=138 current=packages/babel-register/src/index.js
[2026-09-17T02:32:35Z] [iter=9] HEARTBEAT target_type=call_site elapsed_min=17.9 files_done=51 resolved=59 errors=150 current=packages/babel-plugin-transform-modules-umd/test/fixtures/umd/export-from-2/output.js
[2026-09-17T02:33:05Z] [iter=9] HEARTBEAT target_type=call_site elapsed_min=18.4 files_done=58 resolved=69 errors=156 current=packages/babel-plugin-proposal-decorators/test/fixtures/legacy-class-static-properties/mutate-initialzer/exec.js
[2026-09-17T02:36:54Z] [iter=9] HEARTBEAT target_type=call_site elapsed_min=22.2 files_done=63 resolved=70 errors=202 current=packages/babel-helper-create-class-features-plugin/test/fixtures/plugin-proposal-decorators/ignore-abstract-methods/output.js
[2026-09-17T02:37:34Z] [iter=9] HEARTBEAT target_type=call_site elapsed_min=22.8 files_done=65 resolved=70 errors=210 current=packages/babel-plugin-proposal-optional-chaining/test/fixtures/general/delete/exec.js
[2026-09-17T02:38:09Z] [iter=9] HEARTBEAT target_type=call_site elapsed_min=23.4 files_done=75 resolved=73 errors=217 current=packages/babel-plugin-proposal-class-properties/test/fixtures/private/native-classes/output.js
[2026-09-17T02:38:39Z] [iter=9] HEARTBEAT target_type=call_site elapsed_min=23.9 files_done=84 resolved=75 errors=223 current=packages/babel-core/test/fixtures/transformation/misc/regression-7064/exec.js
[2026-09-17T02:39:10Z] [iter=9] HEARTBEAT target_type=call_site elapsed_min=24.4 files_done=90 resolved=83 errors=229 current=packages/babel-plugin-proposal-class-properties/test/fixtures/private/static-this/exec.js
[2026-09-17T02:39:44Z] [iter=9] HEARTBEAT target_type=call_site elapsed_min=25.0 files_done=94 resolved=87 errors=236 current=packages/babel-plugin-transform-arrow-functions/test/fixtures/arrow-functions/self-referential/input.js
[2026-09-17T02:40:20Z] [iter=9] HEARTBEAT target_type=call_site elapsed_min=25.6 files_done=100 resolved=88 errors=243 current=packages/babel-plugin-proposal-class-properties/test/fixtures/private/multiple/output.js
[2026-09-17T02:42:03Z] [iter=9] HEARTBEAT target_type=call_site elapsed_min=27.3 files_done=103 resolved=89 errors=264 current=packages/babel-plugin-transform-template-literals/test/fixtures/default/literals/output.js
[2026-09-17T02:42:38Z] [iter=9] HEARTBEAT target_type=call_site elapsed_min=27.9 files_done=108 resolved=91 errors=271 current=packages/babel-plugin-transform-block-scoping/test/fixtures/const-violations/no-for-in/exec.js
[2026-09-17T02:44:17Z] [iter=9] HEARTBEAT target_type=call_site elapsed_min=29.6 files_done=113 resolved=91 errors=291 current=benchmark/babel-parser/many-identifiers/11-length.bench.mjs
[2026-09-17T02:44:56Z] [iter=9] HEARTBEAT target_type=call_site elapsed_min=30.2 files_done=114 resolved=91 errors=299 current=packages/babel-generator/test/fixtures/edgecase/member-expression-numeric-literals/output.js
[2026-09-17T02:45:31Z] [iter=9] HEARTBEAT target_type=call_site elapsed_min=30.8 files_done=122 resolved=92 errors=306 current=packages/babel-plugin-proposal-private-methods/test/fixtures/private-static-method-loose/super/input.js
[2026-09-17T02:46:11Z] [iter=9] HEARTBEAT target_type=call_site elapsed_min=31.5 files_done=130 resolved=98 errors=314 current=packages/babel-plugin-proposal-private-methods/test/fixtures/private-method-privateFieldsAsProperties/assignment/input.js
[2026-09-17T02:47:31Z] [iter=9] HEARTBEAT target_type=call_site elapsed_min=32.8 files_done=139 resolved=101 errors=330 current=packages/babel-plugin-proposal-private-property-in-object/test/fixtures/private-loose/static-field/output.js
[2026-09-17T02:48:11Z] [iter=9] HEARTBEAT target_type=call_site elapsed_min=33.4 files_done=142 resolved=104 errors=338 current=packages/babel-plugin-transform-react-pure-annotations/src/index.js
[2026-09-17T02:48:42Z] [iter=9] HEARTBEAT target_type=call_site elapsed_min=34.0 files_done=148 resolved=104 errors=344 current=packages/babel-plugin-transform-modules-amd/test/fixtures/loose/remap/input.mjs
[2026-09-17T02:49:13Z] [iter=9] HEARTBEAT target_type=call_site elapsed_min=34.5 files_done=152 resolved=104 errors=350 current=packages/babel-plugin-proposal-class-properties/test/fixtures/private/derived/output.js
[2026-09-17T02:49:53Z] [iter=9] HEARTBEAT target_type=call_site elapsed_min=35.2 files_done=158 resolved=107 errors=358 current=packages/babel-plugin-proposal-decorators/test/fixtures/transformation/export-default-named/output.mjs
[2026-09-17T02:50:42Z] [iter=9] HEARTBEAT target_type=call_site elapsed_min=36.0 files_done=161 resolved=107 errors=368 current=packages/babel-plugin-proposal-private-methods/test/fixtures/static-accessors/tagged-template/output.js
[2026-09-17T02:51:27Z] [iter=9] HEARTBEAT target_type=call_site elapsed_min=36.7 files_done=167 resolved=114 errors=377 current=packages/babel-plugin-transform-react-display-name/test/fixtures/display-name/nested/output.js
[2026-09-17T02:52:12Z] [iter=9] HEARTBEAT target_type=call_site elapsed_min=37.5 files_done=170 resolved=119 errors=386 current=packages/babel-plugin-proposal-private-methods/test/fixtures/accessors/reassignment/exec.js
[2026-09-17T02:52:47Z] [iter=9] HEARTBEAT target_type=call_site elapsed_min=38.1 files_done=177 resolved=121 errors=393 current=packages/babel-plugin-transform-react-jsx/test/fixtures/autoImport/react-defined/output.mjs
[2026-09-17T02:53:22Z] [iter=9] HEARTBEAT target_type=call_site elapsed_min=38.6 files_done=181 resolved=122 errors=400 current=packages/babel-plugin-proposal-class-properties/test/fixtures/private-loose/call/output.js
[2026-09-17T02:53:58Z] [iter=9] HEARTBEAT target_type=call_site elapsed_min=39.2 files_done=186 resolved=126 errors=407 current=packages/babel-plugin-proposal-pipeline-operator/test/fixtures/hack-hash/pipe-body-with-class-expression-and-private-properties/input.js
[2026-09-17T02:54:39Z] [iter=9] HEARTBEAT target_type=call_site elapsed_min=39.9 files_done=193 resolved=130 errors=415 current=packages/babel-plugin-proposal-class-properties/test/fixtures/private/parenthesized-optional-member-call-with-transform/input.js
[2026-09-17T02:55:34Z] [iter=9] HEARTBEAT target_type=call_site elapsed_min=40.8 files_done=196 resolved=130 errors=426 current=packages/babel-plugin-transform-modules-amd/test/fixtures/amd/module-name-compat/output.js
[2026-09-17T02:56:39Z] [iter=9] HEARTBEAT target_type=call_site elapsed_min=41.9 files_done=202 resolved=132 errors=439 current=packages/babel-plugin-proposal-private-methods/test/fixtures/accessors-privateFieldsAsProperties/set-only-getter/output.js
[2026-09-17T02:58:24Z] [iter=9] HEARTBEAT target_type=call_site elapsed_min=43.7 files_done=207 resolved=140 errors=460 current=packages/babel-plugin-transform-runtime/test/fixtures/runtime/modules/output.js
[2026-09-17T02:59:20Z] [iter=9] HEARTBEAT target_type=call_site elapsed_min=44.6 files_done=217 resolved=147 errors=471 current=packages/babel-plugin-proposal-private-methods/test/fixtures/private-static-method-privateFieldsAsProperties/super/exec.js
[2026-09-17T03:00:05Z] [iter=9] HEARTBEAT target_type=call_site elapsed_min=45.4 files_done=221 resolved=148 errors=480 current=packages/babel-plugin-transform-for-of/test/fixtures/for-of-as-array/for-of-partial-redeclaration-in-body-array-pattern/input.js
[2026-09-17T03:00:40Z] [iter=9] HEARTBEAT target_type=call_site elapsed_min=45.9 files_done=230 resolved=159 errors=487 current=packages/babel-plugin-proposal-pipeline-operator/test/fixtures/hack-hash/transform-arrow-functions/input.js
[2026-09-17T03:01:35Z] [iter=9] HEARTBEAT target_type=call_site elapsed_min=46.9 files_done=233 resolved=160 errors=498 current=packages/babel-plugin-transform-modules-umd/test/fixtures/umd/imports/output.js
[2026-09-17T03:02:05Z] [iter=9] HEARTBEAT target_type=call_site elapsed_min=47.4 files_done=238 resolved=164 errors=504 current=packages/babel-plugin-proposal-optional-chaining/test/fixtures/general/parenthesized-member-call-loose/input.js
[2026-09-17T03:02:40Z] [iter=9] HEARTBEAT target_type=call_site elapsed_min=47.9 files_done=244 resolved=166 errors=511 current=packages/babel-helpers/test/fixtures/dependencies/reuse-dependency/plugin.js
[2026-09-17T03:03:15Z] [iter=9] HEARTBEAT target_type=call_site elapsed_min=48.5 files_done=253 resolved=172 errors=518 current=packages/babel-plugin-proposal-do-expressions/test/fixtures/do-expression-switch-case/empty-case-block/output.js
[2026-09-17T03:03:45Z] [iter=9] HEARTBEAT target_type=call_site elapsed_min=49.0 files_done=263 resolved=183 errors=524 current=packages/babel-plugin-proposal-optional-chaining/test/fixtures/general/parenthesized-member-call-loose/output.js
[2026-09-17T03:05:15Z] [iter=9] HEARTBEAT target_type=call_site elapsed_min=50.5 files_done=267 resolved=194 errors=542 current=packages/babel-plugin-transform-template-literals/test/fixtures/default/cache-revision/exec.js
[2026-09-17T03:06:05Z] [iter=9] HEARTBEAT target_type=call_site elapsed_min=51.4 files_done=268 resolved=194 errors=552 current=packages/babel-preset-env/test/fixtures/plugins-integration/issue-10662/output.js
[2026-09-17T03:06:45Z] [iter=9] HEARTBEAT target_type=call_site elapsed_min=52.0 files_done=270 resolved=194 errors=560 current=packages/babel-plugin-transform-classes/test/fixtures/get-set-loose/set-semantics-not-defined-on-parent-getter-on-obj/output.js
[2026-09-17T03:07:16Z] [iter=9] HEARTBEAT target_type=call_site elapsed_min=52.5 files_done=278 resolved=200 errors=566 current=packages/babel-plugin-proposal-pipeline-operator/test/fixtures/smart/pipe-body-with-tacit-function-call/exec.js
[2026-09-17T03:07:51Z] [iter=9] HEARTBEAT target_type=call_site elapsed_min=53.1 files_done=286 resolved=203 errors=573 current=packages/babel-parser/test/error-codes.js
[2026-09-17T03:08:46Z] [iter=9] HEARTBEAT target_type=call_site elapsed_min=54.0 files_done=289 resolved=203 errors=584 current=packages/babel-preset-env/test/fixtures/corejs3-babel-7/usage-regenerator-used-async/output.mjs
[2026-09-17T03:09:21Z] [iter=9] HEARTBEAT target_type=call_site elapsed_min=54.6 files_done=290 resolved=207 errors=591 current=packages/babel-preset-env/test/fixtures/corejs3-babel-7/usage-native-support/input.mjs
[2026-09-17T03:09:51Z] [iter=9] HEARTBEAT target_type=call_site elapsed_min=55.1 files_done=295 resolved=210 errors=597 current=packages/babel-plugin-transform-regenerator/test/fixtures/integration/array-spread/exec.js
[2026-09-17T03:11:21Z] [iter=9] HEARTBEAT target_type=call_site elapsed_min=56.6 files_done=297 resolved=214 errors=615 current=packages/babel-plugin-proposal-json-strings/src/index.js
[2026-09-17T03:12:21Z] [iter=9] HEARTBEAT target_type=call_site elapsed_min=57.6 files_done=307 resolved=218 errors=627 current=packages/babel-parser/test/fixtures/es2022/class-properties/await-identifier-in-property-in-arguments-of-async-call/input.js
[2026-09-17T03:12:53Z] [iter=9] HEARTBEAT target_type=call_site elapsed_min=58.2 files_done=311 resolved=218 errors=633 current=eslint/babel-eslint-plugin/src/rules/semi.js
[2026-09-17T03:13:33Z] [iter=9] HEARTBEAT target_type=call_site elapsed_min=58.8 files_done=312 resolved=219 errors=641 current=packages/babel-parser/test/fixtures/core/uncategorised/290/input.js
[2026-09-17T03:14:43Z] [iter=9] HEARTBEAT target_type=call_site elapsed_min=60.0 files_done=322 resolved=221 errors=654 current=benchmark/babel-helper-validator-identifier/isIdentifierName.bench.mjs
[2026-09-17T03:15:49Z] [iter=9] HEARTBEAT target_type=call_site elapsed_min=61.1 files_done=323 resolved=221 errors=667 current=packages/babel-plugin-transform-classes/test/fixtures/spec/this-not-allowed-before-super-in-derived-classes-5/exec.js
[2026-09-17T03:16:19Z] [iter=9] HEARTBEAT target_type=call_site elapsed_min=61.6 files_done=332 resolved=225 errors=673 current=packages/babel-plugin-transform-classes/test/fixtures/get-set-loose/call-semantics-getter-defined-on-parent/output.js
[2026-09-17T03:17:10Z] [iter=9] HEARTBEAT target_type=call_site elapsed_min=62.4 files_done=336 resolved=229 errors=683 current=packages/babel-plugin-proposal-class-properties/test/fixtures/private/optional-chain-in-function-param/input.js
[2026-09-17T03:18:31Z] [iter=9] HEARTBEAT target_type=call_site elapsed_min=63.8 files_done=337 resolved=229 errors=699 current=packages/babel-plugin-transform-template-literals/test/fixtures/default/cache-revision/output.js
[2026-09-17T03:19:21Z] [iter=9] HEARTBEAT target_type=call_site elapsed_min=64.6 files_done=338 resolved=229 errors=709 current=packages/babel-plugin-transform-object-super/test/fixtures/get-set/set-semantics-not-defined-on-parent-data-non-configurable-on-obj/exec.js
[2026-09-17T03:19:54Z] [iter=9] HEARTBEAT target_type=call_site elapsed_min=65.2 files_done=352 resolved=236 errors=715 current=packages/babel-plugin-transform-react-jsx/test/fixtures/react-automatic/arrow-functions/output.mjs
[2026-09-17T03:20:29Z] [iter=9] HEARTBEAT target_type=call_site elapsed_min=65.8 files_done=364 resolved=251 errors=722 current=packages/babel-plugin-transform-object-super/test/fixtures/object-super/super-increment-postfix/exec.js
[2026-09-17T03:21:04Z] [iter=9] HEARTBEAT target_type=call_site elapsed_min=66.3 files_done=375 resolved=262 errors=729 current=packages/babel-preset-env/test/fixtures/corejs2-babel-7/usage-for-of-destructure-without/output.mjs
[2026-09-17T03:21:39Z] [iter=9] HEARTBEAT target_type=call_site elapsed_min=66.9 files_done=381 resolved=282 errors=736 current=packages/babel-plugin-transform-runtime/test/fixtures/runtime/modules-helpers/output.js
[2026-09-17T03:22:24Z] [iter=9] HEARTBEAT target_type=call_site elapsed_min=67.7 files_done=386 resolved=284 errors=745 current=packages/babel-plugin-proposal-private-methods/test/fixtures/private-method/read-only/output.js
[2026-09-17T03:23:33Z] [iter=9] HEARTBEAT target_type=call_site elapsed_min=68.8 files_done=388 resolved=287 errors=759 current=packages/babel-preset-env/test/fixtures/corejs2/usage-native-support/output.mjs
[2026-09-17T03:25:27Z] [iter=9] HEARTBEAT target_type=call_site elapsed_min=70.7 files_done=393 resolved=289 errors=782 current=packages/babel-plugin-transform-block-scoping/test/fixtures/exec/closure-wrap-collision.js
[2026-09-17T03:26:07Z] [iter=9] HEARTBEAT target_type=call_site elapsed_min=71.4 files_done=407 resolved=297 errors=790 current=packages/babel-parser/test/fixtures/esprima/statement-iteration/migrated_0006/input.js
[2026-09-17T03:26:44Z] [iter=9] HEARTBEAT target_type=call_site elapsed_min=72.0 files_done=409 resolved=297 errors=797 current=packages/babel-plugin-transform-modules-commonjs/test/fixtures/lazy-dep/reexport-named/output.js
[2026-09-17T03:27:19Z] [iter=9] HEARTBEAT target_type=call_site elapsed_min=72.6 files_done=414 resolved=301 errors=804 current=packages/babel-plugin-transform-block-scoping/test/fixtures/general/wrap-closure-shadow-variables-reassignment/output.js
[2026-09-17T03:27:49Z] [iter=9] HEARTBEAT target_type=call_site elapsed_min=73.1 files_done=418 resolved=301 errors=810 current=packages/babel-plugin-proposal-class-static-block/test/fixtures/class-static-block/new-target/input.js
[2026-09-17T03:28:24Z] [iter=9] HEARTBEAT target_type=call_site elapsed_min=73.7 files_done=420 resolved=301 errors=817 current=packages/babel-traverse/test/fixtures/rename/parameter-redeclaration/plugin.js
[2026-09-17T03:28:54Z] [iter=9] HEARTBEAT target_type=call_site elapsed_min=74.2 files_done=423 resolved=302 errors=823 current=packages/babel-plugin-proposal-private-methods/test/fixtures/private-method-privateFieldsAsProperties/assignment/output.js
[2026-09-17T03:29:39Z] [iter=9] HEARTBEAT target_type=call_site elapsed_min=74.9 files_done=428 resolved=308 errors=832 current=packages/babel-plugin-proposal-class-properties/test/fixtures/private-loose/optional-chain-delete-property-with-transform/input.js
[2026-09-17T03:32:20Z] [iter=9] HEARTBEAT target_type=call_site elapsed_min=77.6 files_done=429 resolved=308 errors=864 current=packages/babel-plugin-proposal-class-properties/test/fixtures/public-loose/instance-computed/exec.js
[2026-09-17T03:32:51Z] [iter=9] HEARTBEAT target_type=call_site elapsed_min=78.1 files_done=434 resolved=308 errors=870 current=packages/babel-plugin-transform-runtime/test/fixtures/runtime-corejs2/symbol-iterator-in/output.js
[2026-09-17T03:33:51Z] [iter=9] HEARTBEAT target_type=call_site elapsed_min=79.1 files_done=441 resolved=318 errors=882 current=packages/babel-plugin-transform-classes/test/fixtures/spec/derived-constructor-must-call-super-3/output.js
[2026-09-17T03:34:31Z] [iter=9] HEARTBEAT target_type=call_site elapsed_min=79.8 files_done=454 resolved=322 errors=890 current=packages/babel-plugin-proposal-optional-chaining/test/fixtures/general/function-call-spread/input.js
[2026-09-17T03:35:06Z] [iter=9] HEARTBEAT target_type=call_site elapsed_min=80.4 files_done=461 resolved=332 errors=897 current=packages/babel-plugin-transform-block-scoping/test/fixtures/general/issue-10046-generator/output.js
[2026-09-17T03:35:46Z] [iter=9] HEARTBEAT target_type=call_site elapsed_min=81.0 files_done=470 resolved=335 errors=905 current=packages/babel-plugin-transform-spread/test/fixtures/spread/contexted-method-call-single-arg/output.js
[2026-09-17T03:36:16Z] [iter=9] HEARTBEAT target_type=call_site elapsed_min=81.5 files_done=485 resolved=344 errors=911 current=packages/babel-parser/test/fixtures/core/uncategorised/467/input.js
[2026-09-17T03:37:27Z] [iter=9] HEARTBEAT target_type=call_site elapsed_min=82.7 files_done=490 resolved=345 errors=925 current=packages/babel-plugin-transform-modules-umd/test/fixtures/interop-module-string-names-loose/export-named/output.js
[2026-09-17T03:38:07Z] [iter=9] CHECKPOINT TRIGGERED elapsed_min=83.4 files_completed=1747 new_files_this_iter=500 mem_mb=2495 MB
[2026-09-17T03:38:07Z] [iter=9] Writing partial enrichment graph path=/home/runner/work/forx/forx/storage/aggregate/lsp/b2376757d7a42c6785b24091144ef7f00df7d436.nq.gz triples=249984
[2026-09-17T03:38:12Z] [iter=9] Checkpoint written, exiting with code 7
[2026-09-17T03:38:12Z] [iter=9] PHASE END: enrich (checkpointed) elapsed_s=5003 elapsed_min=83.4 files_completed=1747
