[2026-09-17T15:06:42Z] === ENRICH ITERATION 19 START | repo=babel/babel sha=b2376757 ===
[2026-09-17T15:06:42Z] [iter=19] PHASE START: enrich repo=babel/babel sha=b2376757 runlog=/home/runner/work/forx/forx/storage/aggregate/lsp/logs/b2376757-enrich-iter-019.log output=/home/runner/work/forx/forx/storage/aggregate/lsp/b2376757d7a42c6785b24091144ef7f00df7d436.nq.gz
[2026-09-17T15:07:14Z] [iter=19] Step 1: Loading AST into disk-backed store mem_mb=87 MB
[2026-09-17T15:09:37Z] [iter=19] AST store loaded triples=11988611 load_secs=137 mem_mb=1142 MB
[2026-09-17T15:09:37Z] [iter=19] Step 2: Finding LSP targets mem_mb=1142 MB
[2026-09-17T15:10:00Z] [iter=19] LSP targets found call_sites=103880 imports=5877 extends=768 implements=3 secs=24
[2026-09-17T15:10:15Z] [iter=19] Loaded checkpoint partial graph triples=301494
[2026-09-17T15:10:29Z] [iter=19] Step 2.7: Building position index (one-shot, shared across resolvers) mem_mb=1303 MB
[2026-09-17T15:11:49Z] [iter=19] Position index built positions=800545 nodes_with_types=929189 secs=80 mem_mb=2706 MB
[2026-09-17T15:11:49Z] [iter=19] Step 3: Starting LSP resolution mem_mb=2706 MB already_completed_types=[] already_completed_files=5938
[2026-09-17T15:11:49Z] [iter=19] Resolving target type target_type=call_site count=103880
[2026-09-17T15:11:52Z] [iter=19] HEARTBEAT target_type=call_site elapsed_min=5.2 files_done=0 resolved=0 errors=0 current=packages/babel-types/src/definitions/core.ts
[2026-09-17T15:52:02Z] [iter=19] HEARTBEAT target_type=call_site elapsed_min=45.3 files_done=1 resolved=8 errors=482 current=packages/babel-helper-create-class-features-plugin/src/fields.ts
[2026-09-17T16:12:32Z] [iter=19] HEARTBEAT target_type=call_site elapsed_min=65.8 files_done=2 resolved=61 errors=728 current=packages/babel-generator/src/generators/typescript.ts
[2026-09-17T16:36:57Z] [iter=19] HEARTBEAT target_type=call_site elapsed_min=90.2 files_done=3 resolved=61 errors=1021 current=packages/babel-generator/src/node/index.ts
[2026-09-17T16:38:36Z] [iter=19] HEARTBEAT target_type=call_site elapsed_min=91.9 files_done=4 resolved=62 errors=1041 current=packages/babel-traverse/src/path/context.ts
[2026-09-17T16:40:36Z] [iter=19] HEARTBEAT target_type=call_site elapsed_min=93.9 files_done=5 resolved=67 errors=1065 current=packages/babel-types/src/definitions/jsx.ts
[2026-09-17T16:44:26Z] [iter=19] HEARTBEAT target_type=call_site elapsed_min=97.7 files_done=6 resolved=67 errors=1111 current=packages/babel-preset-env/src/normalize-options.ts
[2026-09-17T16:46:41Z] [iter=19] HEARTBEAT target_type=call_site elapsed_min=100.0 files_done=7 resolved=90 errors=1138 current=packages/babel-plugin-transform-block-scoping/src/index.ts
[2026-09-17T17:04:09Z] [iter=19] HEARTBEAT target_type=call_site elapsed_min=117.5 files_done=8 resolved=132 errors=1348 current=packages/babel-helper-member-expression-to-functions/src/index.ts
[2026-09-17T17:16:46Z] [iter=19] HEARTBEAT target_type=call_site elapsed_min=130.1 files_done=9 resolved=137 errors=1499 current=packages/babel-generator/src/generators/methods.ts
[2026-09-17T17:20:52Z] [iter=19] HEARTBEAT target_type=call_site elapsed_min=134.2 files_done=10 resolved=137 errors=1548 current=packages/babel-generator/src/node/parentheses.ts
[2026-09-17T17:28:32Z] [iter=19] HEARTBEAT target_type=call_site elapsed_min=141.8 files_done=11 resolved=137 errors=1640 current=packages/babel-core/src/config/validation/option-assertions.ts
[2026-09-17T17:33:57Z] [iter=19] HEARTBEAT target_type=call_site elapsed_min=147.3 files_done=12 resolved=159 errors=1705 current=packages/babel-core/src/transformation/normalize-file.ts
[2026-09-17T17:35:02Z] [iter=19] HEARTBEAT target_type=call_site elapsed_min=148.3 files_done=13 resolved=161 errors=1718 current=packages/babel-types/src/builders/generated/index.ts
[2026-09-17T17:55:50Z] [iter=19] HEARTBEAT target_type=call_site elapsed_min=169.1 files_done=14 resolved=165 errors=1968 current=packages/babel-traverse/src/path/inference/inferer-reference.ts
[2026-09-17T17:58:40Z] [iter=19] HEARTBEAT target_type=call_site elapsed_min=172.0 files_done=15 resolved=177 errors=2002 current=packages/babel-helpers/src/helpers.ts
[2026-09-17T18:13:13Z] [iter=19] HEARTBEAT target_type=call_site elapsed_min=186.5 files_done=16 resolved=177 errors=2177 current=packages/babel-generator/src/generators/expressions.ts
[2026-09-17T18:22:08Z] [iter=19] HEARTBEAT target_type=call_site elapsed_min=195.4 files_done=17 resolved=177 errors=2284 current=packages/babel-types/src/validators/buildMatchMemberExpression.ts
[2026-09-17T18:23:18Z] [iter=19] HEARTBEAT target_type=call_site elapsed_min=196.6 files_done=19 resolved=180 errors=2298 current=packages/babel-core/src/config/files/plugins.ts
[2026-09-17T18:24:28Z] [iter=19] HEARTBEAT target_type=call_site elapsed_min=197.8 files_done=20 resolved=188 errors=2312 current=packages/babel-template/src/populate.ts
[2026-09-17T18:26:08Z] [iter=19] HEARTBEAT target_type=call_site elapsed_min=199.4 files_done=21 resolved=204 errors=2332 current=packages/babel-helper-module-imports/src/index.ts
[2026-09-17T18:28:03Z] [iter=19] HEARTBEAT target_type=call_site elapsed_min=201.3 files_done=23 resolved=210 errors=2355 current=packages/babel-plugin-transform-typescript/src/index.ts
[2026-09-17T18:31:09Z] [iter=19] HEARTBEAT target_type=call_site elapsed_min=204.4 files_done=24 resolved=234 errors=2392 current=packages/babel-core/src/transformation/index.ts
[2026-09-17T18:31:54Z] [iter=19] HEARTBEAT target_type=call_site elapsed_min=205.2 files_done=25 resolved=238 errors=2401 current=packages/babel-plugin-transform-classes/src/index.ts
[2026-09-17T18:33:29Z] [iter=19] HEARTBEAT target_type=call_site elapsed_min=206.8 files_done=26 resolved=243 errors=2420 current=packages/babel-plugin-transform-typescript/src/const-enum.ts
[2026-09-17T18:35:59Z] [iter=19] HEARTBEAT target_type=call_site elapsed_min=209.3 files_done=27 resolved=248 errors=2450 current=packages/babel-plugin-transform-react-jsx/src/create-plugin.ts
[2026-09-17T18:48:45Z] [iter=19] HEARTBEAT target_type=call_site elapsed_min=222.0 files_done=28 resolved=270 errors=2603 current=packages/babel-cli/src/babel/util.ts
[2026-09-17T18:49:50Z] [iter=19] HEARTBEAT target_type=call_site elapsed_min=223.1 files_done=29 resolved=277 errors=2616 current=packages/babel-helper-simple-access/src/index.ts
[2026-09-17T18:51:45Z] [iter=19] HEARTBEAT target_type=call_site elapsed_min=225.1 files_done=30 resolved=278 errors=2639 current=packages/babel-core/src/tools/build-external-helpers.ts
[2026-09-17T18:56:40Z] [iter=19] HEARTBEAT target_type=call_site elapsed_min=230.0 files_done=31 resolved=289 errors=2698 current=packages/babel-helpers/src/index.ts
[2026-09-17T19:02:10Z] [iter=19] HEARTBEAT target_type=call_site elapsed_min=235.5 files_done=32 resolved=322 errors=2764 current=packages/babel-types/src/definitions/typescript.ts
[2026-09-17T19:07:05Z] [iter=19] CHECKPOINT TRIGGERED elapsed_min=240.4 files_completed=5970 new_files_this_iter=32 mem_mb=2730 MB
[2026-09-17T19:07:05Z] [iter=19] Writing partial enrichment graph path=/home/runner/work/forx/forx/storage/aggregate/lsp/b2376757d7a42c6785b24091144ef7f00df7d436.nq.gz triples=313830
[2026-09-17T19:07:12Z] [iter=19] Checkpoint written, exiting with code 7
[2026-09-17T19:07:12Z] [iter=19] PHASE END: enrich (checkpointed) elapsed_s=14423 elapsed_min=240.4 files_completed=5970
